Archive member included to satisfy reference by file (symbol)

/home/khsieh3/util/glibc_2.27/glibc_build/libc_pic.a(check_fds.os)
                              /home/khsieh3/util/glibc_2.27/glibc_build/elf/dl-allobjs.os (__libc_check_standard_fds)
/home/khsieh3/util/glibc_2.27/glibc_build/libc_pic.a(errno.os)
                              /home/khsieh3/util/glibc_2.27/glibc_build/libc_pic.a(check_fds.os) (__libc_errno)
/home/khsieh3/util/glibc_2.27/glibc_build/libc_pic.a(setjmp.os)
                              /home/khsieh3/util/glibc_2.27/glibc_build/elf/dl-allobjs.os (__sigsetjmp)
/home/khsieh3/util/glibc_2.27/glibc_build/libc_pic.a(__longjmp.os)
                              /home/khsieh3/util/glibc_2.27/glibc_build/elf/dl-allobjs.os (__longjmp)
/home/khsieh3/util/glibc_2.27/glibc_build/libc_pic.a(strchr.os)
                              /home/khsieh3/util/glibc_2.27/glibc_build/elf/dl-allobjs.os (strchr)
/home/khsieh3/util/glibc_2.27/glibc_build/libc_pic.a(strcmp.os)
                              /home/khsieh3/util/glibc_2.27/glibc_build/elf/dl-allobjs.os (strcmp)
/home/khsieh3/util/glibc_2.27/glibc_build/libc_pic.a(strcspn.os)
                              /home/khsieh3/util/glibc_2.27/glibc_build/elf/dl-allobjs.os (strcspn)
/home/khsieh3/util/glibc_2.27/glibc_build/libc_pic.a(strdup.os)
                              /home/khsieh3/util/glibc_2.27/glibc_build/elf/dl-allobjs.os (__strdup)
/home/khsieh3/util/glibc_2.27/glibc_build/libc_pic.a(strlen.os)
                              /home/khsieh3/util/glibc_2.27/glibc_build/elf/dl-allobjs.os (strlen)
/home/khsieh3/util/glibc_2.27/glibc_build/libc_pic.a(strnlen.os)
                              /home/khsieh3/util/glibc_2.27/glibc_build/elf/dl-allobjs.os (strnlen)
/home/khsieh3/util/glibc_2.27/glibc_build/libc_pic.a(memchr.os)
                              /home/khsieh3/util/glibc_2.27/glibc_build/elf/dl-allobjs.os (memchr)
/home/khsieh3/util/glibc_2.27/glibc_build/libc_pic.a(memcmp.os)
                              /home/khsieh3/util/glibc_2.27/glibc_build/elf/dl-allobjs.os (memcmp)
/home/khsieh3/util/glibc_2.27/glibc_build/libc_pic.a(memmove.os)
                              /home/khsieh3/util/glibc_2.27/glibc_build/elf/dl-allobjs.os (memmove)
/home/khsieh3/util/glibc_2.27/glibc_build/libc_pic.a(memset.os)
                              /home/khsieh3/util/glibc_2.27/glibc_build/elf/dl-allobjs.os (memset)
/home/khsieh3/util/glibc_2.27/glibc_build/libc_pic.a(mempcpy.os)
                              /home/khsieh3/util/glibc_2.27/glibc_build/elf/dl-allobjs.os (__mempcpy)
/home/khsieh3/util/glibc_2.27/glibc_build/libc_pic.a(stpcpy.os)
                              /home/khsieh3/util/glibc_2.27/glibc_build/elf/dl-allobjs.os (__stpcpy)
/home/khsieh3/util/glibc_2.27/glibc_build/libc_pic.a(memcpy.os)
                              /home/khsieh3/util/glibc_2.27/glibc_build/libc_pic.a(check_fds.os) (__GI_memcpy)
/home/khsieh3/util/glibc_2.27/glibc_build/libc_pic.a(rawmemchr.os)
                              /home/khsieh3/util/glibc_2.27/glibc_build/elf/dl-allobjs.os (rawmemchr)
/home/khsieh3/util/glibc_2.27/glibc_build/libc_pic.a(basename.os)
                              /home/khsieh3/util/glibc_2.27/glibc_build/elf/dl-allobjs.os (basename)
/home/khsieh3/util/glibc_2.27/glibc_build/libc_pic.a(strcmp-sse2.os)
                              /home/khsieh3/util/glibc_2.27/glibc_build/libc_pic.a(strcmp.os) (__strcmp_sse2)
/home/khsieh3/util/glibc_2.27/glibc_build/libc_pic.a(strcmp-sse2-unaligned.os)
                              /home/khsieh3/util/glibc_2.27/glibc_build/libc_pic.a(strcmp.os) (__strcmp_sse2_unaligned)
/home/khsieh3/util/glibc_2.27/glibc_build/libc_pic.a(strcmp-ssse3.os)
                              /home/khsieh3/util/glibc_2.27/glibc_build/libc_pic.a(strcmp.os) (__strcmp_ssse3)
/home/khsieh3/util/glibc_2.27/glibc_build/libc_pic.a(memchr-sse2.os)
                              /home/khsieh3/util/glibc_2.27/glibc_build/libc_pic.a(memchr.os) (__memchr_sse2)
/home/khsieh3/util/glibc_2.27/glibc_build/libc_pic.a(rawmemchr-sse2.os)
                              /home/khsieh3/util/glibc_2.27/glibc_build/libc_pic.a(rawmemchr.os) (__rawmemchr_sse2)
/home/khsieh3/util/glibc_2.27/glibc_build/libc_pic.a(memchr-avx2.os)
                              /home/khsieh3/util/glibc_2.27/glibc_build/libc_pic.a(memchr.os) (__memchr_avx2)
/home/khsieh3/util/glibc_2.27/glibc_build/libc_pic.a(rawmemchr-avx2.os)
                              /home/khsieh3/util/glibc_2.27/glibc_build/libc_pic.a(rawmemchr.os) (__rawmemchr_avx2)
/home/khsieh3/util/glibc_2.27/glibc_build/libc_pic.a(memcmp-sse2.os)
                              /home/khsieh3/util/glibc_2.27/glibc_build/libc_pic.a(memcmp.os) (__memcmp_sse2)
/home/khsieh3/util/glibc_2.27/glibc_build/libc_pic.a(memcmp-avx2-movbe.os)
                              /home/khsieh3/util/glibc_2.27/glibc_build/libc_pic.a(memcmp.os) (__memcmp_avx2_movbe)
/home/khsieh3/util/glibc_2.27/glibc_build/libc_pic.a(memcmp-sse4.os)
[...]
Memory Configuration

Name             Origin             Length             Attributes
*default*        0x0000000000000000 0xffffffffffffffff

Linker script and memory map

                0x0000000000000000                __stack_chk_fail = 0x0
                0x0000000000000000                __stack_chk_fail_local = 0x0
START GROUP
LOAD /home/khsieh3/util/glibc_2.27/glibc_build/elf/dl-allobjs.os
LOAD /home/khsieh3/util/glibc_2.27/glibc_build/libc_pic.a
LOAD /usr/lib/gcc/x86_64-linux-gnu/7/libgcc.a
END GROUP

.interp
 *(.interp)

.note.gnu.build-id
 *(.note.gnu.build-id)

.hash
 *(.hash)

.gnu.hash
 *(.gnu.hash)

.dynsym
 *(.dynsym)

.dynstr
 *(.dynstr)

.gnu.version
 *(.gnu.version)

.gnu.version_d
 *(.gnu.version_d)

.gnu.version_r
 *(.gnu.version_r)

.rela.init
 *(.rela.init)

.rela.text
 *(.rela.text)

.rela.fini
 *(.rela.fini)

.rela.rodata
 *(.rela.rodata)

.rela.data.rel.ro
 *(.rela.data.rel.ro)

.rela.data
 *(.rela.data)

.rela.tdata
 *(.rela.tdata)

.rela.tbss
 *(.rela.tbss)

.rela.ctors
 *(.rela.ctors)

.rela.dtors
 *(.rela.dtors)

.rela.got
 *(.rela.got)

.rela.bss
 *(.rela.bss)

.rela.ldata
 *(.rela.ldata)

.rela.lbss
 *(.rela.lbss)

.rela.lrodata
 *(.rela.lrodata)

.rela.ifunc
 *(.rela.ifunc)

.rela.plt
 *(.rela.plt)

.init
 *(SORT_NONE(.init))

.plt
 *(.plt)
 *(.iplt)

.plt.got
 *(.plt.got)

.plt.sec
 *(.plt.sec)

.text           0x0000000000000000    0x1ed45
 *(.text .stub)
 .text          0x0000000000000000    0x18c00 /home/khsieh3/util/glibc_2.27/glibc_build/elf/dl-allobjs.os
                0x0000000000000000                _start
                0x0000000000000008                _dl_start_user
                0x0000000000001240                handle_ld_preload
                0x0000000000006950                _dl_dst_count
                0x0000000000006a00                _dl_dst_substitute
                0x00000000000071d0                _dl_init_paths
                0x00000000000074d0                _dl_map_object
                0x0000000000007f50                _dl_rtld_di_serinfo
                0x0000000000008e80                _dl_lookup_symbol_x
                0x0000000000009da0                _dl_setup_hash
                0x0000000000009e50                _dl_add_to_namespace_list
                0x0000000000009ee0                _dl_new_object
                0x000000000000a250                _dl_try_allocate_static_tls
                0x000000000000a330                _dl_allocate_static_tls
                0x000000000000a360                _dl_nothread_init_static_tls
                0x000000000000a3a0                _dl_protect_relro
                0x000000000000a410                _dl_reloc_bad_type
                0x000000000000a4e0                _dl_relocate_object
                0x000000000000be20                _dl_map_object_deps
                0x000000000000ceb0                _dl_important_hwcaps
                0x000000000000d670                _dl_fixup
                0x000000000000d810                _dl_profile_fixup
                0x000000000000ddc0                _dl_call_pltexit
                0x000000000000dfe0                _dl_init
                0x000000000000e120                _dl_fini
                0x000000000000e500                _dl_debug_state
                0x000000000000e500                __GI__dl_debug_state
                0x000000000000e510                _dl_debug_initialize
                0x000000000000eba0                _dl_sysdep_read_whole_file
                0x000000000000ec30                _dl_debug_printf
                0x000000000000ece0                _dl_debug_printf_c
                0x000000000000ed90                _dl_dprintf
                0x000000000000ee30                _dl_name_match_p
                0x000000000000eea0                _dl_higher_prime_number
                0x000000000000ef20                _dl_strtoul
                0x000000000000f090                _dl_check_map_versions
                0x000000000000f7f0                _dl_check_all_versions
                0x000000000000f860                _dl_start_profile
                0x000000000000ffc0                __GI__dl_mcount
                0x000000000000ffc0                _dl_mcount
                0x0000000000010510                _dl_next_tls_modid
                0x0000000000010610                _dl_count_modids
                0x0000000000010680                _dl_determine_tlsoffset
                0x0000000000010840                _dl_get_tls_static_info
                0x0000000000010860                _dl_allocate_tls_storage
                0x0000000000010920                __GI__dl_allocate_tls_init
                0x0000000000010920                _dl_allocate_tls_init
                0x0000000000010ba0                __GI__dl_allocate_tls
                0x0000000000010ba0                _dl_allocate_tls
                0x0000000000010be0                _dl_deallocate_tls
                0x0000000000010be0                __GI__dl_deallocate_tls
                0x0000000000010c60                _dl_update_slotinfo
                0x0000000000010ed0                __GI___tls_get_addr
                0x0000000000010ed0                ___tls_get_addr
                0x0000000000010f10                _dl_tls_get_addr_soft
                0x0000000000010f90                _dl_add_to_slotinfo
                0x0000000000011080                __tls_get_addr_slow
                0x00000000000110b0                _dl_get_origin
                0x0000000000011250                _dl_scope_free
                0x0000000000011320                _dl_make_stack_executable
                0x0000000000011320                __GI__dl_make_stack_executable
                0x00000000000113b0                _dl_check_caller
                0x00000000000117a0                __GI__dl_find_dso_for_object
                0x00000000000117a0                _dl_find_dso_for_object
                0x0000000000011870                _dl_open
                0x0000000000011ba0                _dl_show_scope
                0x00000000000125e0                _dl_close_worker
                0x0000000000013620                _dl_close
                0x0000000000013690                _dl_runtime_profile_avx512
                0x0000000000013b10                _dl_runtime_profile_avx
                0x0000000000013f90                _dl_runtime_profile_sse
                0x0000000000014190                _dl_runtime_resolve_fxsave
                0x0000000000014210                _dl_runtime_resolve_xsave
                0x00000000000142e0                _dl_runtime_resolve_xsavec
                0x00000000000143d0                _dl_exception_create
                0x00000000000143d0                __GI__dl_exception_create
                0x00000000000144d0                __GI__dl_exception_create_format
                0x00000000000144d0                _dl_exception_create_format
                0x00000000000147f0                _dl_exception_free
                0x00000000000147f0                __GI__dl_exception_free
                0x0000000000014820                _dl_sort_maps
                0x0000000000014b00                _dl_cache_libcmp
                0x0000000000014bd0                _dl_load_cache_lookup
                0x0000000000015250                _dl_unload_cache
                0x0000000000015350                __tunable_set_val
                0x0000000000015370                __GI___tunables_init
                0x0000000000015830                __tunable_get_val
                0x0000000000015830                __GI___tunable_get_val
                0x0000000000015890                _dl_make_tlsdesc_dynamic
                0x0000000000015b90                _dl_tlsdesc_resolve_rela_fixup
                0x0000000000015d50                _dl_tlsdesc_resolve_hold_fixup
                0x0000000000015d90                _dl_unmap
                0x0000000000015e10                _dl_tlsdesc_return
                0x0000000000015e20                _dl_tlsdesc_undefweak
                0x0000000000015e30                _dl_tlsdesc_dynamic
                0x0000000000015ed0                _dl_tlsdesc_resolve_rela
                0x0000000000015f40                _dl_tlsdesc_resolve_hold
                0x0000000000015fc0                __tls_get_addr
                0x0000000000016000                __get_cpu_features
                0x0000000000016010                _dl_tunable_set_hwcaps
                0x0000000000016eb0                _dl_sysdep_start
                0x0000000000017650                _dl_sysdep_start_cleanup
                0x0000000000017660                _dl_show_auxv
                0x00000000000177e0                _dl_discover_osversion
                0x00000000000179c0                _dl_next_ld_env_entry
                0x0000000000017a10                unsetenv
                0x0000000000017a80                malloc
                0x0000000000017bb0                calloc
                0x0000000000017bf0                free
                0x0000000000017c30                __sigjmp_save
                0x0000000000017c40                __strerror_r
                0x0000000000017d20                __GI___libc_fatal
                0x0000000000017d20                __libc_fatal
                0x0000000000017d50                __GI___chk_fail
                0x0000000000017d50                __chk_fail
                0x0000000000017d60                __GI___assert_fail
                0x0000000000017d60                __assert_fail
                0x0000000000017db0                realloc
                0x0000000000017e40                __GI___assert_perror_fail
                0x0000000000017e40                __assert_perror_fail
                0x0000000000017eb0                _itoa
                0x0000000000017f00                __strsep
                0x0000000000017f00                strsep
                0x0000000000017f00                __strsep_g
                0x0000000000018040                _dl_signal_exception
                0x0000000000018090                _dl_signal_error
                0x00000000000180e0                _dl_signal_cexception
                0x0000000000018160                _dl_signal_cerror
                0x00000000000181f0                _dl_catch_exception
                0x00000000000182a0                _dl_catch_error
                0x00000000000182f0                _dl_receive_error
                0x0000000000018330                _dl_resolve_conflicts
                0x00000000000184a0                __brk
                0x00000000000184a0                brk
                0x00000000000184f0                sbrk
                0x00000000000184f0                __sbrk
                0x0000000000018580                __getcwd
                0x0000000000018580                getcwd
                0x00000000000189b0                openat64
                0x0000000000018a10                __alloc_dir
                0x0000000000018b10                __opendir
                0x0000000000018b10                opendir
                0x0000000000018bb0                __fxstatat
                0x0000000000018bb0                __fxstatat64
                0x0000000000018bb0                __GI___fxstatat64
 .text          0x0000000000018c00       0xe2 /home/khsieh3/util/glibc_2.27/glibc_build/libc_pic.a(check_fds.os)
                0x0000000000018cb0                __libc_check_standard_fds
 .text          0x0000000000018ce2        0x0 /home/khsieh3/util/glibc_2.27/glibc_build/libc_pic.a(errno.os)
 *fill*         0x0000000000018ce2        0xe 
 .text          0x0000000000018cf0       0x57 /home/khsieh3/util/glibc_2.27/glibc_build/libc_pic.a(setjmp.os)
                0x0000000000018cf0                __sigsetjmp
                0x0000000000018cf0                __GI___sigsetjmp
 *fill*         0x0000000000018d47        0x9 
 .text          0x0000000000018d50       0x50 /home/khsieh3/util/glibc_2.27/glibc_build/libc_pic.a(__longjmp.os)
                0x0000000000018d50                __longjmp
 .text          0x0000000000018da0       0x3b /home/khsieh3/util/glibc_2.27/glibc_build/libc_pic.a(strchr.os)
                0x0000000000018da0                __GI_strchr
                0x0000000000018da0                index
                0x0000000000018da0                strchr
 *fill*         0x0000000000018ddb        0x5 
 .text          0x0000000000018de0       0x2f /home/khsieh3/util/glibc_2.27/glibc_build/libc_pic.a(strcmp.os)
                0x0000000000018de0                __GI_strcmp
                0x0000000000018de0                strcmp
 *fill*         0x0000000000018e0f        0x1 
 .text          0x0000000000018e10       0x1e /home/khsieh3/util/glibc_2.27/glibc_build/libc_pic.a(strcspn.os)
                0x0000000000018e10                strcspn
                0x0000000000018e10                __GI_strcspn
 *fill*         0x0000000000018e2e        0x2 
 .text          0x0000000000018e30       0x41 /home/khsieh3/util/glibc_2.27/glibc_build/libc_pic.a(strdup.os)
                0x0000000000018e30                __GI___strdup
                0x0000000000018e30                __strdup
                0x0000000000018e30                strdup
 *fill*         0x0000000000018e71        0xf 
 .text          0x0000000000018e80       0x2a /home/khsieh3/util/glibc_2.27/glibc_build/libc_pic.a(strlen.os)
                0x0000000000018e80                strlen
                0x0000000000018e80                __GI_strlen
 *fill*         0x0000000000018eaa        0x6 
 .text          0x0000000000018eb0       0x2a /home/khsieh3/util/glibc_2.27/glibc_build/libc_pic.a(strnlen.os)
                0x0000000000018eb0                __strnlen
                0x0000000000018eb0                strnlen
                0x0000000000018eb0                __GI___strnlen
                0x0000000000018eb0                __GI_strnlen
 *fill*         0x0000000000018eda        0x6 
 .text          0x0000000000018ee0       0x2a /home/khsieh3/util/glibc_2.27/glibc_build/libc_pic.a(memchr.os)
                0x0000000000018ee0                __GI_memchr
                0x0000000000018ee0                memchr
                0x0000000000018ee0                __memchr
 *fill*         0x0000000000018f0a        0x6 
 .text          0x0000000000018f10       0x5e /home/khsieh3/util/glibc_2.27/glibc_build/libc_pic.a(memcmp.os)
                0x0000000000018f10                bcmp
                0x0000000000018f10                __GI_memcmp
                0x0000000000018f10                memcmp
 *fill*         0x0000000000018f6e        0x2 
 .text          0x0000000000018f70       0xca /home/khsieh3/util/glibc_2.27/glibc_build/libc_pic.a(memmove.os)
                0x0000000000018f70                memmove
                0x0000000000018f70                __GI_memmove
                0x0000000000018f70                __libc_memmove
 *fill*         0x000000000001903a        0x6 
 .text          0x0000000000019040       0x99 /home/khsieh3/util/glibc_2.27/glibc_build/libc_pic.a(memset.os)
                0x0000000000019040                __GI_memset
                0x0000000000019040                memset
 *fill*         0x00000000000190d9        0x7 
 .text          0x00000000000190e0       0xca /home/khsieh3/util/glibc_2.27/glibc_build/libc_pic.a(mempcpy.os)
                0x00000000000190e0                mempcpy
                0x00000000000190e0                __GI_mempcpy
                0x00000000000190e0                __mempcpy
                0x00000000000190e0                __GI___mempcpy
 *fill*         0x00000000000191aa        0x6 
 .text          0x00000000000191b0       0x2f /home/khsieh3/util/glibc_2.27/glibc_build/libc_pic.a(stpcpy.os)
                0x00000000000191b0                stpcpy
                0x00000000000191b0                __GI_stpcpy
                0x00000000000191b0                __stpcpy
                0x00000000000191b0                __GI___stpcpy
 *fill*         0x00000000000191df        0x1 
 .text          0x00000000000191e0       0xca /home/khsieh3/util/glibc_2.27/glibc_build/libc_pic.a(memcpy.os)
                0x00000000000191e0                __GI_memcpy
                0x00000000000191e0                __new_memcpy
                0x00000000000191e0                memcpy@@GLIBC_2.14
 *fill*         0x00000000000192aa        0x6 
 .text          0x00000000000192b0       0x2a /home/khsieh3/util/glibc_2.27/glibc_build/libc_pic.a(rawmemchr.os)
                0x00000000000192b0                __GI___rawmemchr
                0x00000000000192b0                __rawmemchr
                0x00000000000192b0                rawmemchr
 *fill*         0x00000000000192da        0x6 
 .text          0x00000000000192e0       0x1e /home/khsieh3/util/glibc_2.27/glibc_build/libc_pic.a(basename.os)
                0x00000000000192e0                __GI___basename
                0x00000000000192e0                __GI_basename
                0x00000000000192e0                basename
                0x00000000000192e0                __basename
 *fill*         0x00000000000192fe        0x2 
 .text          0x0000000000019300     0x1439 /home/khsieh3/util/glibc_2.27/glibc_build/libc_pic.a(strcmp-sse2.os)
                0x0000000000019300                __strcmp_sse2
 *fill*         0x000000000001a739        0x7 
 .text          0x000000000001a740      0x2a3 /home/khsieh3/util/glibc_2.27/glibc_build/libc_pic.a(strcmp-sse2-unaligned.os)
                0x000000000001a740                __strcmp_sse2_unaligned
 .text          0x000000000001a9e3        0x0 /home/khsieh3/util/glibc_2.27/glibc_build/libc_pic.a(strcmp-ssse3.os)
 *fill*         0x000000000001a9e3        0xd 
 .text          0x000000000001a9f0      0x323 /home/khsieh3/util/glibc_2.27/glibc_build/libc_pic.a(memchr-sse2.os)
                0x000000000001a9f0                __memchr_sse2
 *fill*         0x000000000001ad13        0xd 
 .text          0x000000000001ad20      0x1f9 /home/khsieh3/util/glibc_2.27/glibc_build/libc_pic.a(rawmemchr-sse2.os)
                0x000000000001ad20                __rawmemchr_sse2
 .text          0x000000000001af19        0x0 /home/khsieh3/util/glibc_2.27/glibc_build/libc_pic.a(memchr-avx2.os)
 .text          0x000000000001af19        0x0 /home/khsieh3/util/glibc_2.27/glibc_build/libc_pic.a(rawmemchr-avx2.os)
 *fill*         0x000000000001af19        0x7 
 .text          0x000000000001af20      0x400 /home/khsieh3/util/glibc_2.27/glibc_build/libc_pic.a(memcmp-sse2.os)
                0x000000000001af20                __memcmp_sse2
 .text          0x000000000001b320        0x0 /home/khsieh3/util/glibc_2.27/glibc_build/libc_pic.a(memcmp-avx2-movbe.os)
 .text          0x000000000001b320        0x0 /home/khsieh3/util/glibc_2.27/glibc_build/libc_pic.a(memcmp-sse4.os)
 .text          0x000000000001b320        0x0 /home/khsieh3/util/glibc_2.27/glibc_build/libc_pic.a(memcpy-ssse3.os)
 .text          0x000000000001b320        0x0 /home/khsieh3/util/glibc_2.27/glibc_build/libc_pic.a(memmove-ssse3.os)
 .text          0x000000000001b320        0x0 /home/khsieh3/util/glibc_2.27/glibc_build/libc_pic.a(memcpy-ssse3-back.os)
 .text          0x000000000001b320        0x0 /home/khsieh3/util/glibc_2.27/glibc_build/libc_pic.a(memmove-ssse3-back.os)
 .text          0x000000000001b320        0x0 /home/khsieh3/util/glibc_2.27/glibc_build/libc_pic.a(memmove-avx512-no-vzeroupper.os)
 .text          0x000000000001b320      0x21a /home/khsieh3/util/glibc_2.27/glibc_build/libc_pic.a(strchr-sse2.os)
                0x000000000001b320                __strchr_sse2
 .text          0x000000000001b53a        0x0 /home/khsieh3/util/glibc_2.27/glibc_build/libc_pic.a(strchr-avx2.os)
 *fill*         0x000000000001b53a        0x6 
 .text          0x000000000001b540      0x19c /home/khsieh3/util/glibc_2.27/glibc_build/libc_pic.a(strlen-sse2.os)
                0x000000000001b540                __strlen_sse2
                0x000000000001b540                __GI___strlen_sse2
 *fill*         0x000000000001b6dc        0x4 
 .text          0x000000000001b6e0      0x218 /home/khsieh3/util/glibc_2.27/glibc_build/libc_pic.a(strnlen-sse2.os)
                0x000000000001b6e0                __strnlen_sse2
 .text          0x000000000001b8f8        0x0 /home/khsieh3/util/glibc_2.27/glibc_build/libc_pic.a(strlen-avx2.os)
 .text          0x000000000001b8f8        0x0 /home/khsieh3/util/glibc_2.27/glibc_build/libc_pic.a(strnlen-avx2.os)
 *fill*         0x000000000001b8f8        0x8 
 .text          0x000000000001b900       0xdc /home/khsieh3/util/glibc_2.27/glibc_build/libc_pic.a(stpcpy-sse2.os)
                0x000000000001b900                __stpcpy_sse2
 .text          0x000000000001b9dc        0x0 /home/khsieh3/util/glibc_2.27/glibc_build/libc_pic.a(stpcpy-ssse3.os)
 *fill*         0x000000000001b9dc        0x4 
 .text          0x000000000001b9e0      0x6b0 /home/khsieh3/util/glibc_2.27/glibc_build/libc_pic.a(stpcpy-sse2-unaligned.os)
                0x000000000001b9e0                __stpcpy_sse2_unaligned
 .text          0x000000000001c090        0x0 /home/khsieh3/util/glibc_2.27/glibc_build/libc_pic.a(strchr-sse2-no-bsf.os)
 .text          0x000000000001c090        0x0 /home/khsieh3/util/glibc_2.27/glibc_build/libc_pic.a(memcmp-ssse3.os)
 .text          0x000000000001c090       0x97 /home/khsieh3/util/glibc_2.27/glibc_build/libc_pic.a(strcspn-sse2.os)
                0x000000000001c090                __strcspn_sse2
 .text          0x000000000001c127        0x0 /home/khsieh3/util/glibc_2.27/glibc_build/libc_pic.a(strcspn-c.os)
 .text          0x000000000001c127        0x0 /home/khsieh3/util/glibc_2.27/glibc_build/libc_pic.a(varshift.os)
 .text          0x000000000001c127        0x0 /home/khsieh3/util/glibc_2.27/glibc_build/libc_pic.a(memset-avx512-no-vzeroupper.os)
 *fill*         0x000000000001c127        0x9 
 .text          0x000000000001c130      0x3e9 /home/khsieh3/util/glibc_2.27/glibc_build/libc_pic.a(memmove-sse2-unaligned-erms.os)
                0x000000000001c130                __mempcpy_chk_sse2_unaligned
                0x000000000001c140                __mempcpy_sse2_unaligned
                0x000000000001c150                __memcpy_chk_sse2_unaligned
                0x000000000001c150                __memmove_chk_sse2_unaligned
                0x000000000001c160                __memmove_sse2_unaligned
                0x000000000001c160                __memcpy_sse2_unaligned
                0x000000000001c160                memcpy@GLIBC_2.2.5
                0x000000000001c190                __mempcpy_chk_erms
                0x000000000001c1a0                __mempcpy_erms
                0x000000000001c1b0                __memcpy_chk_erms
                0x000000000001c1b0                __memmove_chk_erms
                0x000000000001c1c0                __memmove_erms
                0x000000000001c1c0                __memcpy_erms
                0x000000000001c1f0                __mempcpy_chk_sse2_unaligned_erms
                0x000000000001c200                __mempcpy_sse2_unaligned_erms
                0x000000000001c210                __memmove_chk_sse2_unaligned_erms
                0x000000000001c210                __memcpy_chk_sse2_unaligned_erms
                0x000000000001c220                __memmove_sse2_unaligned_erms
                0x000000000001c220                __memcpy_sse2_unaligned_erms
 .text          0x000000000001c519        0x0 /home/khsieh3/util/glibc_2.27/glibc_build/libc_pic.a(memmove-avx-unaligned-erms.os)
 .text          0x000000000001c519        0x0 /home/khsieh3/util/glibc_2.27/glibc_build/libc_pic.a(memmove-avx512-unaligned-erms.os)
 *fill*         0x000000000001c519        0x7 
 .text          0x000000000001c520      0x193 /home/khsieh3/util/glibc_2.27/glibc_build/libc_pic.a(memset-sse2-unaligned-erms.os)
                0x000000000001c520                __bzero
                0x000000000001c520                bzero
                0x000000000001c530                __wmemset_chk_sse2_unaligned
                0x000000000001c540                __wmemset_sse2_unaligned
                0x000000000001c560                __memset_chk_sse2_unaligned
                0x000000000001c570                __memset_sse2_unaligned
                0x000000000001c5a0                __memset_chk_erms
                0x000000000001c5b0                __memset_erms
                0x000000000001c5c0                __memset_chk_sse2_unaligned_erms
                0x000000000001c5d0                __memset_sse2_unaligned_erms
 .text          0x000000000001c6b3        0x0 /home/khsieh3/util/glibc_2.27/glibc_build/libc_pic.a(memset-avx2-unaligned-erms.os)
 .text          0x000000000001c6b3        0x0 /home/khsieh3/util/glibc_2.27/glibc_build/libc_pic.a(memset-avx512-unaligned-erms.os)
 *fill*         0x000000000001c6b3        0xd 
 .text          0x000000000001c6c0      0x5ad /home/khsieh3/util/glibc_2.27/glibc_build/libc_pic.a(cacheinfo.os)
                0x000000000001cc40                __cache_sysconf
 *fill*         0x000000000001cc6d        0x3 
 .text          0x000000000001cc70       0x2c /home/khsieh3/util/glibc_2.27/glibc_build/libc_pic.a(closedir.os)
                0x000000000001cc70                __closedir
                0x000000000001cc70                closedir
 *fill*         0x000000000001cc9c        0x4 
 .text          0x000000000001cca0      0x100 /home/khsieh3/util/glibc_2.27/glibc_build/libc_pic.a(readdir.os)
                0x000000000001cca0                readdir
                0x000000000001cca0                __readdir64
                0x000000000001cca0                __readdir
                0x000000000001cca0                __GI___readdir64
                0x000000000001cca0                readdir64
 .text          0x000000000001cda0       0x93 /home/khsieh3/util/glibc_2.27/glibc_build/libc_pic.a(rewinddir.os)
                0x000000000001cda0                rewinddir
                0x000000000001cda0                __rewinddir
                0x000000000001cda0                __GI___rewinddir
 *fill*         0x000000000001ce33        0xd 
 .text          0x000000000001ce40       0x8d /home/khsieh3/util/glibc_2.27/glibc_build/libc_pic.a(getdents.os)
                0x000000000001ce40                __getdents
                0x000000000001ce40                __getdents64
 *fill*         0x000000000001cecd        0x3 
 .text          0x000000000001ced0       0xa2 /home/khsieh3/util/glibc_2.27/glibc_build/libc_pic.a(fdopendir.os)
                0x000000000001ced0                fdopendir
                0x000000000001ced0                __fdopendir
 *fill*         0x000000000001cf72        0xe 
 .text          0x000000000001cf80       0x21 /home/khsieh3/util/glibc_2.27/glibc_build/libc_pic.a(uname.os)
                0x000000000001cf80                uname
                0x000000000001cf80                __GI_uname
                0x000000000001cf80                __uname
                0x000000000001cf80                __GI___uname
 *fill*         0x000000000001cfa1        0xf 
 .text          0x000000000001cfb0       0x58 /home/khsieh3/util/glibc_2.27/glibc_build/libc_pic.a(_exit.os)
                0x000000000001cfb0                _Exit
                0x000000000001cfb0                __GI__exit
                0x000000000001cfb0                _exit
 *fill*         0x000000000001d008        0x8 
 .text          0x000000000001d010        0x8 /home/khsieh3/util/glibc_2.27/glibc_build/libc_pic.a(getpid.os)
                0x000000000001d010                __getpid
                0x000000000001d010                getpid
                0x000000000001d010                __GI_getpid
                0x000000000001d010                __GI___getpid
 .text          0x000000000001d018        0x0 /home/khsieh3/util/glibc_2.27/glibc_build/libc_pic.a(environ.os)
 *fill*         0x000000000001d018        0x8 
 .text          0x000000000001d020       0x4c /home/khsieh3/util/glibc_2.27/glibc_build/libc_pic.a(xstat.os)
                0x000000000001d020                _xstat
                0x000000000001d020                __xstat64
                0x000000000001d020                __GI___xstat64
                0x000000000001d020                __GI___xstat
                0x000000000001d020                __xstat
 *fill*         0x000000000001d06c        0x4 
 .text          0x000000000001d070       0x4c /home/khsieh3/util/glibc_2.27/glibc_build/libc_pic.a(fxstat.os)
                0x000000000001d070                __GI___fxstat
                0x000000000001d070                __GI___fxstat64
                0x000000000001d070                __fxstat64
                0x000000000001d070                _fxstat
                0x000000000001d070                __fxstat
 *fill*         0x000000000001d0bc        0x4 
 .text          0x000000000001d0c0       0x4c /home/khsieh3/util/glibc_2.27/glibc_build/libc_pic.a(lxstat.os)
                0x000000000001d0c0                __GI___lxstat
                0x000000000001d0c0                _lxstat
                0x000000000001d0c0                __lxstat
                0x000000000001d0c0                __lxstat64
                0x000000000001d0c0                __GI___lxstat64
 *fill*         0x000000000001d10c        0x4 
 .text          0x000000000001d110      0x17a /home/khsieh3/util/glibc_2.27/glibc_build/libc_pic.a(open64.os)
                0x000000000001d110                __GI___open64
                0x000000000001d110                __open
                0x000000000001d110                __GI___open
                0x000000000001d110                __libc_open64
                0x000000000001d110                open64
                0x000000000001d110                __GI___libc_open
                0x000000000001d110                open
                0x000000000001d110                __open64
                0x000000000001d210                __GI___open_nocancel
                0x000000000001d210                __open_nocancel
                0x000000000001d210                __GI___open64_nocancel
                0x000000000001d210                __open64_nocancel
 *fill*         0x000000000001d28a        0x6 
 .text          0x000000000001d290      0x16a /home/khsieh3/util/glibc_2.27/glibc_build/libc_pic.a(openat64.os)
                0x000000000001d290                __openat64
                0x000000000001d290                __GI___openat
                0x000000000001d290                __GI___openat64
                0x000000000001d290                __libc_openat64
                0x000000000001d290                __openat
                0x000000000001d290                openat
                0x000000000001d390                __GI___openat64_nocancel
                0x000000000001d390                __openat64_nocancel
                0x000000000001d390                __GI___openat_nocancel
 *fill*         0x000000000001d3fa        0x6 
 .text          0x000000000001d400       0xc4 /home/khsieh3/util/glibc_2.27/glibc_build/libc_pic.a(read.os)
                0x000000000001d400                __read
                0x000000000001d400                __GI_read
                0x000000000001d400                __libc_read
                0x000000000001d400                __GI___read
                0x000000000001d400                read
                0x000000000001d400                __GI___libc_read
                0x000000000001d4a0                __read_nocancel
                0x000000000001d4a0                __GI___read_nocancel
 *fill*         0x000000000001d4c4        0xc 
 .text          0x000000000001d4d0       0xcc /home/khsieh3/util/glibc_2.27/glibc_build/libc_pic.a(write.os)
                0x000000000001d4d0                __write
                0x000000000001d4d0                __GI_write
                0x000000000001d4d0                write
                0x000000000001d4d0                __GI___libc_write
                0x000000000001d4d0                __GI___write
                0x000000000001d4d0                __libc_write
                0x000000000001d570                __GI___write_nocancel
                0x000000000001d570                __write_nocancel
 *fill*         0x000000000001d59c        0x4 
 .text          0x000000000001d5a0       0x2c /home/khsieh3/util/glibc_2.27/glibc_build/libc_pic.a(lseek64.os)
                0x000000000001d5a0                __GI___lseek
                0x000000000001d5a0                __lseek64
                0x000000000001d5a0                lseek
                0x000000000001d5a0                __libc_lseek64
                0x000000000001d5a0                llseek
                0x000000000001d5a0                __lseek
                0x000000000001d5a0                __libc_lseek
                0x000000000001d5a0                lseek64
 *fill*         0x000000000001d5cc        0x4 
 .text          0x000000000001d5d0       0x2a /home/khsieh3/util/glibc_2.27/glibc_build/libc_pic.a(access.os)
                0x000000000001d5d0                access
                0x000000000001d5d0                __access
 *fill*         0x000000000001d5fa        0x6 
 .text          0x000000000001d600      0x15f /home/khsieh3/util/glibc_2.27/glibc_build/libc_pic.a(fcntl.os)
                0x000000000001d660                __libc_fcntl
                0x000000000001d660                __GI___libc_fcntl
                0x000000000001d660                __GI___fcntl
                0x000000000001d660                __fcntl
                0x000000000001d660                fcntl
                0x000000000001d730                __GI___fcntl_nocancel
                0x000000000001d730                __fcntl_nocancel
 *fill*         0x000000000001d75f        0x1 
 .text          0x000000000001d760       0xaa /home/khsieh3/util/glibc_2.27/glibc_build/libc_pic.a(close.os)
                0x000000000001d760                __libc_close
                0x000000000001d760                __close
                0x000000000001d760                __GI___close
                0x000000000001d760                close
                0x000000000001d7e0                __GI___close_nocancel
                0x000000000001d7e0                __close_nocancel
 *fill*         0x000000000001d80a        0x6 
 .text          0x000000000001d810       0xe0 /home/khsieh3/util/glibc_2.27/glibc_build/libc_pic.a(mmap64.os)
                0x000000000001d810                __GI___mmap
                0x000000000001d810                __mmap
                0x000000000001d810                mmap
                0x000000000001d810                __GI___mmap64
                0x000000000001d810                __mmap64
                0x000000000001d810                mmap64
 .text          0x000000000001d8f0       0x21 /home/khsieh3/util/glibc_2.27/glibc_build/libc_pic.a(munmap.os)
                0x000000000001d8f0                munmap
                0x000000000001d8f0                __GI___munmap
                0x000000000001d8f0                __GI_munmap
                0x000000000001d8f0                __munmap
 *fill*         0x000000000001d911        0xf 
 .text          0x000000000001d920       0x21 /home/khsieh3/util/glibc_2.27/glibc_build/libc_pic.a(mprotect.os)
                0x000000000001d920                __mprotect
                0x000000000001d920                __GI___mprotect
                0x000000000001d920                __GI_mprotect
                0x000000000001d920                mprotect
 *fill*         0x000000000001d941        0xf 
 .text          0x000000000001d950      0x1c1 /home/khsieh3/util/glibc_2.27/glibc_build/libc_pic.a(profil.os)
                0x000000000001d9a0                __profil
                0x000000000001d9a0                profil
 *fill*         0x000000000001db11        0xf 
 .text          0x000000000001db20        0xb /home/khsieh3/util/glibc_2.27/glibc_build/libc_pic.a(prof-freq.os)
                0x000000000001db20                __GI___profile_frequency
                0x000000000001db20                __profile_frequency
 *fill*         0x000000000001db2b        0x5 
 .text          0x000000000001db30       0x4c /home/khsieh3/util/glibc_2.27/glibc_build/libc_pic.a(libc-lowlevellock.os)
                0x000000000001db30                __lll_lock_wait_private
                0x000000000001db60                __lll_unlock_wake_private
 *fill*         0x000000000001db7c        0x4 
 .text          0x000000000001db80       0xb9 /home/khsieh3/util/glibc_2.27/glibc_build/libc_pic.a(libc-cancellation.os)
                0x000000000001db80                __libc_enable_asynccancel
                0x000000000001dbe0                __libc_disable_asynccancel
 .text          0x000000000001dc39        0x0 /home/khsieh3/util/glibc_2.27/glibc_build/libc_pic.a(libc_multiple_threads.os)
 *fill*         0x000000000001dc39        0x7 
 .text          0x000000000001dc40       0x53 /home/khsieh3/util/glibc_2.27/glibc_build/libc_pic.a(dl-addr-obj.os)
                0x000000000001dc40                _dl_addr_inside_object
 *fill*         0x000000000001dc93        0xd 
 .text          0x000000000001dca0      0x1e4 /home/khsieh3/util/glibc_2.27/glibc_build/libc_pic.a(sigaction.os)
                0x000000000001dcc0                __libc_sigaction
                0x000000000001dcc0                __GI___libc_sigaction
                0x000000000001de60                sigaction
                0x000000000001de60                __GI___sigaction
                0x000000000001de60                __sigaction
 *fill*         0x000000000001de84        0xc 
 .text          0x000000000001de90       0x2a /home/khsieh3/util/glibc_2.27/glibc_build/libc_pic.a(strrchr.os)
                0x000000000001de90                strrchr
                0x000000000001de90                rindex
                0x000000000001de90                __GI_strrchr
 *fill*         0x000000000001deba        0x6 
 .text          0x000000000001dec0      0x2e2 /home/khsieh3/util/glibc_2.27/glibc_build/libc_pic.a(strrchr-sse2.os)
                0x000000000001dec0                __strrchr_sse2
 .text          0x000000000001e1a2        0x0 /home/khsieh3/util/glibc_2.27/glibc_build/libc_pic.a(strrchr-avx2.os)
 *fill*         0x000000000001e1a2        0xe 
 .text          0x000000000001e1b0       0x21 /home/khsieh3/util/glibc_2.27/glibc_build/libc_pic.a(setitimer.os)
                0x000000000001e1b0                setitimer
                0x000000000001e1b0                __setitimer
                0x000000000001e1b0                __GI_setitimer
                0x000000000001e1b0                __GI___setitimer
 *fill*         0x000000000001e1d1        0xf 
 .text          0x000000000001e1e0      0x593 /home/khsieh3/util/glibc_2.27/glibc_build/libc_pic.a(forward.os)
                0x000000000001e1e0                pthread_equal
                0x000000000001e210                pthread_attr_destroy
                0x000000000001e240                pthread_attr_init@@GLIBC_2.2.5
                0x000000000001e240                __pthread_attr_init_2_1
                0x000000000001e270                pthread_attr_getdetachstate
                0x000000000001e2a0                pthread_attr_setdetachstate
                0x000000000001e2d0                pthread_attr_getinheritsched
                0x000000000001e300                pthread_attr_setinheritsched
                0x000000000001e330                pthread_attr_getschedparam
                0x000000000001e360                pthread_attr_setschedparam
                0x000000000001e390                pthread_attr_getschedpolicy
                0x000000000001e3c0                pthread_attr_setschedpolicy
                0x000000000001e3f0                pthread_attr_getscope
                0x000000000001e420                pthread_attr_setscope
                0x000000000001e450                pthread_condattr_destroy
                0x000000000001e480                pthread_condattr_init
                0x000000000001e4b0                pthread_cond_broadcast@@GLIBC_2.3.2
                0x000000000001e4b0                __pthread_cond_broadcast
                0x000000000001e4e0                pthread_cond_destroy@@GLIBC_2.3.2
                0x000000000001e4e0                __pthread_cond_destroy
                0x000000000001e510                pthread_cond_init@@GLIBC_2.3.2
                0x000000000001e510                __pthread_cond_init
                0x000000000001e540                pthread_cond_signal@@GLIBC_2.3.2
                0x000000000001e540                __pthread_cond_signal
                0x000000000001e570                pthread_cond_wait@@GLIBC_2.3.2
                0x000000000001e570                __pthread_cond_wait
                0x000000000001e5a0                pthread_cond_timedwait@@GLIBC_2.3.2
                0x000000000001e5a0                __pthread_cond_timedwait
                0x000000000001e5d0                pthread_exit
                0x000000000001e5d0                __pthread_exit
                0x000000000001e600                pthread_getschedparam
                0x000000000001e630                pthread_setschedparam
                0x000000000001e660                pthread_mutex_destroy
                0x000000000001e690                pthread_mutex_init
                0x000000000001e6c0                pthread_mutex_lock
                0x000000000001e6f0                pthread_mutex_unlock
                0x000000000001e720                __pthread_setcancelstate
                0x000000000001e720                pthread_setcancelstate
                0x000000000001e750                pthread_setcanceltype
 *fill*         0x000000000001e773        0xd 
 .text          0x000000000001e780      0x26a /home/khsieh3/util/glibc_2.27/glibc_build/libc_pic.a(exit.os)
                0x000000000001e780                __run_exit_handlers
                0x000000000001e9d0                __GI_exit
                0x000000000001e9d0                exit
 *fill*         0x000000000001e9ea        0x6 
 .text          0x000000000001e9f0      0x21c /home/khsieh3/util/glibc_2.27/glibc_build/libc_pic.a(cxa_atexit.os)
                0x000000000001e9f0                __new_exitfn
                0x000000000001eb10                __internal_atexit
                0x000000000001ec00                __cxa_atexit
                0x000000000001ec00                __GI___cxa_atexit
 *fill*         0x000000000001ec0c        0x4 
 .text          0x000000000001ec10      0x135 /home/khsieh3/util/glibc_2.27/glibc_build/libc_pic.a(cxa_thread_atexit_impl.os)
                0x000000000001ec10                __cxa_thread_atexit_impl
                0x000000000001ece0                __GI___call_tls_dtors
                0x000000000001ece0                __call_tls_dtors
 *(.gnu.warning)

.text.unlikely  0x0000000000000000      0x172
 .text.unlikely
                0x0000000000000000      0x172 /home/khsieh3/util/glibc_2.27/glibc_build/elf/dl-allobjs.os

.text.ssse3     0x0000000000000000     0xd5e3
 .text.ssse3    0x0000000000000000     0x1259 /home/khsieh3/util/glibc_2.27/glibc_build/libc_pic.a(strcmp-ssse3.os)
                0x0000000000000000                __GI___strcmp_ssse3
                0x0000000000000000                __strcmp_ssse3
 *fill*         0x0000000000001259        0x7 
 .text.ssse3    0x0000000000001260     0x29e6 /home/khsieh3/util/glibc_2.27/glibc_build/libc_pic.a(memcpy-ssse3.os)
                0x0000000000001260                __mempcpy_chk_ssse3
                0x0000000000001270                __mempcpy_ssse3
                0x0000000000001280                __memcpy_chk_ssse3
                0x0000000000001290                __memcpy_ssse3
 *fill*         0x0000000000003c46        0xa 
 .text.ssse3    0x0000000000003c50     0x2b77 /home/khsieh3/util/glibc_2.27/glibc_build/libc_pic.a(memmove-ssse3.os)
                0x0000000000003c50                __memmove_chk_ssse3
                0x0000000000003c60                __memmove_ssse3
 *fill*         0x00000000000067c7        0x9 
 .text.ssse3    0x00000000000067d0     0x2ae6 /home/khsieh3/util/glibc_2.27/glibc_build/libc_pic.a(memcpy-ssse3-back.os)
                0x00000000000067d0                __mempcpy_chk_ssse3_back
                0x00000000000067e0                __mempcpy_ssse3_back
                0x00000000000067f0                __memcpy_chk_ssse3_back
                0x0000000000006800                __memcpy_ssse3_back
 *fill*         0x00000000000092b6        0xa 
 .text.ssse3    0x00000000000092c0     0x2b16 /home/khsieh3/util/glibc_2.27/glibc_build/libc_pic.a(memmove-ssse3-back.os)
                0x00000000000092c0                __memmove_chk_ssse3_back
                0x00000000000092d0                __memmove_ssse3_back
 *fill*         0x000000000000bdd6        0xa 
 .text.ssse3    0x000000000000bde0     0x1803 /home/khsieh3/util/glibc_2.27/glibc_build/libc_pic.a(stpcpy-ssse3.os)
                0x000000000000bde0                __stpcpy_ssse3

.text.avx       0x0000000000000000     0x16b6
 .text.avx      0x0000000000000000      0x2cd /home/khsieh3/util/glibc_2.27/glibc_build/libc_pic.a(memchr-avx2.os)
                0x0000000000000000                __memchr_avx2
 *fill*         0x00000000000002cd        0x3 
 .text.avx      0x00000000000002d0      0x13d /home/khsieh3/util/glibc_2.27/glibc_build/libc_pic.a(rawmemchr-avx2.os)
                0x00000000000002d0                __rawmemchr_avx2
 *fill*         0x000000000000040d        0x3 
 .text.avx      0x0000000000000410      0x3d4 /home/khsieh3/util/glibc_2.27/glibc_build/libc_pic.a(memcmp-avx2-movbe.os)
                0x0000000000000410                __memcmp_avx2_movbe
 *fill*         0x00000000000007e4        0xc 
 .text.avx      0x00000000000007f0      0x224 /home/khsieh3/util/glibc_2.27/glibc_build/libc_pic.a(strchr-avx2.os)
                0x00000000000007f0                __strchr_avx2
 *fill*         0x0000000000000a14        0xc 
 .text.avx      0x0000000000000a20      0x190 /home/khsieh3/util/glibc_2.27/glibc_build/libc_pic.a(strlen-avx2.os)
                0x0000000000000a20                __strlen_avx2
 .text.avx      0x0000000000000bb0      0x320 /home/khsieh3/util/glibc_2.27/glibc_build/libc_pic.a(strnlen-avx2.os)
                0x0000000000000bb0                __strnlen_avx2
 .text.avx      0x0000000000000ed0      0x464 /home/khsieh3/util/glibc_2.27/glibc_build/libc_pic.a(memmove-avx-unaligned-erms.os)
                0x0000000000000ed0                __mempcpy_chk_avx_unaligned
                0x0000000000000ee0                __mempcpy_avx_unaligned
                0x0000000000000ef0                __memcpy_chk_avx_unaligned
                0x0000000000000ef0                __memmove_chk_avx_unaligned
                0x0000000000000f00                __memcpy_avx_unaligned
                0x0000000000000f00                __memmove_avx_unaligned
                0x0000000000000f30                __mempcpy_chk_avx_unaligned_erms
                0x0000000000000f40                __mempcpy_avx_unaligned_erms
                0x0000000000000f50                __memmove_chk_avx_unaligned_erms
                0x0000000000000f50                __memcpy_chk_avx_unaligned_erms
                0x0000000000000f60                __memcpy_avx_unaligned_erms
                0x0000000000000f60                __memmove_avx_unaligned_erms
 *fill*         0x0000000000001334        0xc 
 .text.avx      0x0000000000001340      0x1ab /home/khsieh3/util/glibc_2.27/glibc_build/libc_pic.a(memset-avx2-unaligned-erms.os)
                0x0000000000001340                __wmemset_chk_avx2_unaligned
                0x0000000000001350                __wmemset_avx2_unaligned
                0x0000000000001370                __memset_chk_avx2_unaligned
                0x0000000000001380                __memset_avx2_unaligned
                0x00000000000013b0                __memset_avx2_erms
                0x00000000000013d0                __memset_chk_avx2_unaligned_erms
                0x00000000000013e0                __memset_avx2_unaligned_erms
 *fill*         0x00000000000014eb        0x5 
 .text.avx      0x00000000000014f0      0x1c6 /home/khsieh3/util/glibc_2.27/glibc_build/libc_pic.a(strrchr-avx2.os)
                0x00000000000014f0                __strrchr_avx2

.text.sse4.1    0x0000000000000000     0x163e
 .text.sse4.1   0x0000000000000000     0x163e /home/khsieh3/util/glibc_2.27/glibc_build/libc_pic.a(memcmp-sse4.os)
                0x0000000000000000                __memcmp_sse4_1

.text.avx512    0x0000000000000000     0x1191
 .text.avx512   0x0000000000000000      0x768 /home/khsieh3/util/glibc_2.27/glibc_build/libc_pic.a(memmove-avx512-no-vzeroupper.os)
                0x0000000000000000                __mempcpy_chk_avx512_no_vzeroupper
                0x0000000000000010                __mempcpy_avx512_no_vzeroupper
                0x0000000000000020                __memcpy_chk_avx512_no_vzeroupper
                0x0000000000000020                __memmove_chk_avx512_no_vzeroupper
                0x0000000000000030                __memcpy_avx512_no_vzeroupper
                0x0000000000000030                __memmove_avx512_no_vzeroupper
 *fill*         0x0000000000000768        0x8 
 .text.avx512   0x0000000000000770      0x280 /home/khsieh3/util/glibc_2.27/glibc_build/libc_pic.a(memset-avx512-no-vzeroupper.os)
                0x0000000000000770                __memset_chk_avx512_no_vzeroupper
                0x0000000000000780                __memset_avx512_no_vzeroupper
 .text.avx512   0x00000000000009f0      0x598 /home/khsieh3/util/glibc_2.27/glibc_build/libc_pic.a(memmove-avx512-unaligned-erms.os)
                0x00000000000009f0                __mempcpy_chk_avx512_unaligned
                0x0000000000000a00                __mempcpy_avx512_unaligned
                0x0000000000000a10                __memcpy_chk_avx512_unaligned
                0x0000000000000a10                __memmove_chk_avx512_unaligned
                0x0000000000000a20                __memmove_avx512_unaligned
                0x0000000000000a20                __memcpy_avx512_unaligned
                0x0000000000000a60                __mempcpy_chk_avx512_unaligned_erms
                0x0000000000000a70                __mempcpy_avx512_unaligned_erms
                0x0000000000000a80                __memcpy_chk_avx512_unaligned_erms
                0x0000000000000a80                __memmove_chk_avx512_unaligned_erms
                0x0000000000000a90                __memmove_avx512_unaligned_erms
                0x0000000000000a90                __memcpy_avx512_unaligned_erms
 *fill*         0x0000000000000f88        0x8 
 .text.avx512   0x0000000000000f90      0x201 /home/khsieh3/util/glibc_2.27/glibc_build/libc_pic.a(memset-avx512-unaligned-erms.os)
                0x0000000000000f90                __wmemset_chk_avx512_unaligned
                0x0000000000000fa0                __wmemset_avx512_unaligned
                0x0000000000000fc0                __memset_chk_avx512_unaligned
                0x0000000000000fd0                __memset_avx512_unaligned
                0x0000000000001010                __memset_avx512_erms
                0x0000000000001030                __memset_chk_avx512_unaligned_erms
                0x0000000000001040                __memset_avx512_unaligned_erms

.text.atom      0x0000000000000000     0x1a83
 .text.atom     0x0000000000000000      0x315 /home/khsieh3/util/glibc_2.27/glibc_build/libc_pic.a(strchr-sse2-no-bsf.os)
                0x0000000000000000                __strchr_sse2_no_bsf
 *fill*         0x0000000000000315        0xb 
 .text.atom     0x0000000000000320     0x1763 /home/khsieh3/util/glibc_2.27/glibc_build/libc_pic.a(memcmp-ssse3.os)
                0x0000000000000320                __memcmp_ssse3

.text.sse4.2    0x0000000000000000      0x131
 .text.sse4.2   0x0000000000000000      0x131 /home/khsieh3/util/glibc_2.27/glibc_build/libc_pic.a(strcspn-c.os)
                0x0000000000000000                __strcspn_sse42

.text.startup   0x0000000000000000      0x497
 .text.startup  0x0000000000000000      0x497 /home/khsieh3/util/glibc_2.27/glibc_build/libc_pic.a(cacheinfo.os)

.text.compat    0x0000000000000000      0x15f
 .text.compat   0x0000000000000000      0x15f /home/khsieh3/util/glibc_2.27/glibc_build/libc_pic.a(forward.os)
                0x0000000000000000                pthread_cond_broadcast@GLIBC_2.2.5
                0x0000000000000000                __pthread_cond_broadcast_2_0
                0x0000000000000030                __pthread_cond_destroy_2_0
                0x0000000000000030                pthread_cond_destroy@GLIBC_2.2.5
                0x0000000000000060                __pthread_cond_init_2_0
                0x0000000000000060                pthread_cond_init@GLIBC_2.2.5
                0x0000000000000090                __pthread_cond_signal_2_0
                0x0000000000000090                pthread_cond_signal@GLIBC_2.2.5
                0x00000000000000c0                pthread_cond_wait@GLIBC_2.2.5
                0x00000000000000c0                __pthread_cond_wait_2_0
                0x00000000000000f0                pthread_cond_timedwait@GLIBC_2.2.5
                0x00000000000000f0                __pthread_cond_timedwait_2_0
                0x0000000000000120                __pthread_unwind

.fini
 *(SORT_NONE(.fini))

.rodata         0x0000000000000000     0x1160
 *(.rodata)
 .rodata        0x0000000000000000      0xd48 /home/khsieh3/util/glibc_2.27/glibc_build/elf/dl-allobjs.os
                0x0000000000000ca0                __GI__itoa_lower_digits
                0x0000000000000ca0                _itoa_lower_digits
 .rodata        0x0000000000000d48       0x40 /home/khsieh3/util/glibc_2.27/glibc_build/libc_pic.a(strcmp-sse2.os)
 .rodata        0x0000000000000d88       0x40 /home/khsieh3/util/glibc_2.27/glibc_build/libc_pic.a(strcmp-ssse3.os)
 .rodata        0x0000000000000dc8       0x80 /home/khsieh3/util/glibc_2.27/glibc_build/libc_pic.a(stpcpy-sse2-unaligned.os)
 *fill*         0x0000000000000e48        0x8 
 .rodata        0x0000000000000e50       0x1f /home/khsieh3/util/glibc_2.27/glibc_build/libc_pic.a(varshift.os)
                0x0000000000000e50                ___m128i_shift_right
 *fill*         0x0000000000000e6f       0x11 
 .rodata        0x0000000000000e80      0x2e0 /home/khsieh3/util/glibc_2.27/glibc_build/libc_pic.a(cacheinfo.os)

.rodata.str1.1  0x0000000000000000     0x1266
 .rodata.str1.1
                0x0000000000000000     0x1202 /home/khsieh3/util/glibc_2.27/glibc_build/elf/dl-allobjs.os
 .rodata.str1.1
                0x0000000000001202       0x14 /home/khsieh3/util/glibc_2.27/glibc_build/libc_pic.a(check_fds.os)
 .rodata.str1.1
                0x0000000000001216       0x39 /home/khsieh3/util/glibc_2.27/glibc_build/libc_pic.a(cacheinfo.os)
 .rodata.str1.1
                0x000000000000124f       0x17 /home/khsieh3/util/glibc_2.27/glibc_build/libc_pic.a(cxa_atexit.os)

.rodata.str1.8  0x0000000000000000     0x2565
 .rodata.str1.8
                0x0000000000000000     0x2541 /home/khsieh3/util/glibc_2.27/glibc_build/elf/dl-allobjs.os
 *fill*         0x0000000000002541        0x7 
 .rodata.str1.8
                0x0000000000002548        0xb /home/khsieh3/util/glibc_2.27/glibc_build/libc_pic.a(cacheinfo.os)
 *fill*         0x0000000000002553        0x5 
 .rodata.str1.8
                0x0000000000002558        0xd /home/khsieh3/util/glibc_2.27/glibc_build/libc_pic.a(cxa_atexit.os)

.rodata.str1.16
                0x0000000000000000      0x391
 .rodata.str1.16
                0x0000000000000000      0x376 /home/khsieh3/util/glibc_2.27/glibc_build/elf/dl-allobjs.os
 *fill*         0x0000000000000376        0xa 
 .rodata.str1.16
                0x0000000000000380       0x11 /home/khsieh3/util/glibc_2.27/glibc_build/libc_pic.a(cacheinfo.os)

.rodata.cst16   0x0000000000000000       0x20
 .rodata.cst16  0x0000000000000000       0x20 /home/khsieh3/util/glibc_2.27/glibc_build/elf/dl-allobjs.os

.rodata.cst4    0x0000000000000000        0x4
 .rodata.cst4   0x0000000000000000        0x4 /home/khsieh3/util/glibc_2.27/glibc_build/elf/dl-allobjs.os

.rodata.str1.32
                0x0000000000000000       0x3b
 .rodata.str1.32
                0x0000000000000000       0x3b /home/khsieh3/util/glibc_2.27/glibc_build/elf/dl-allobjs.os

.rodata.sse4.1  0x0000000000000000      0x140
 .rodata.sse4.1
                0x0000000000000000      0x140 /home/khsieh3/util/glibc_2.27/glibc_build/libc_pic.a(memcmp-sse4.os)

.rodata.ssse3   0x0000000000000000      0xd80
 .rodata.ssse3  0x0000000000000000      0x1c0 /home/khsieh3/util/glibc_2.27/glibc_build/libc_pic.a(memcpy-ssse3.os)
 .rodata.ssse3  0x00000000000001c0      0x1c0 /home/khsieh3/util/glibc_2.27/glibc_build/libc_pic.a(memmove-ssse3.os)
 .rodata.ssse3  0x0000000000000380      0x500 /home/khsieh3/util/glibc_2.27/glibc_build/libc_pic.a(memcpy-ssse3-back.os)
 .rodata.ssse3  0x0000000000000880      0x500 /home/khsieh3/util/glibc_2.27/glibc_build/libc_pic.a(memmove-ssse3-back.os)

.rodata1
 *(.rodata1)

.eh_frame_hdr
 *(.eh_frame_hdr)

.eh_frame       0x0000000000000000     0x433c
 *(.eh_frame)
 .eh_frame      0x0000000000000000     0x24c0 /home/khsieh3/util/glibc_2.27/glibc_build/elf/dl-allobjs.os
                                       0x2504 (size before relaxing)
 *fill*         0x00000000000024c0        0x0 
 .eh_frame      0x00000000000024c0       0x68 /home/khsieh3/util/glibc_2.27/glibc_build/libc_pic.a(check_fds.os)
 .eh_frame      0x0000000000002528       0x30 /home/khsieh3/util/glibc_2.27/glibc_build/libc_pic.a(setjmp.os)
 .eh_frame      0x0000000000002558       0x48 /home/khsieh3/util/glibc_2.27/glibc_build/libc_pic.a(__longjmp.os)
 .eh_frame      0x00000000000025a0       0x30 /home/khsieh3/util/glibc_2.27/glibc_build/libc_pic.a(strchr.os)
 .eh_frame      0x00000000000025d0       0x30 /home/khsieh3/util/glibc_2.27/glibc_build/libc_pic.a(strcmp.os)
 .eh_frame      0x0000000000002600       0x30 /home/khsieh3/util/glibc_2.27/glibc_build/libc_pic.a(strcspn.os)
 .eh_frame      0x0000000000002630       0x50 /home/khsieh3/util/glibc_2.27/glibc_build/libc_pic.a(strdup.os)
 .eh_frame      0x0000000000002680       0x30 /home/khsieh3/util/glibc_2.27/glibc_build/libc_pic.a(strlen.os)
 .eh_frame      0x00000000000026b0       0x30 /home/khsieh3/util/glibc_2.27/glibc_build/libc_pic.a(strnlen.os)
 .eh_frame      0x00000000000026e0       0x30 /home/khsieh3/util/glibc_2.27/glibc_build/libc_pic.a(memchr.os)
 .eh_frame      0x0000000000002710       0x30 /home/khsieh3/util/glibc_2.27/glibc_build/libc_pic.a(memcmp.os)
 .eh_frame      0x0000000000002740       0x30 /home/khsieh3/util/glibc_2.27/glibc_build/libc_pic.a(memmove.os)
 .eh_frame      0x0000000000002770       0x30 /home/khsieh3/util/glibc_2.27/glibc_build/libc_pic.a(memset.os)
 .eh_frame      0x00000000000027a0       0x30 /home/khsieh3/util/glibc_2.27/glibc_build/libc_pic.a(mempcpy.os)
 .eh_frame      0x00000000000027d0       0x30 /home/khsieh3/util/glibc_2.27/glibc_build/libc_pic.a(stpcpy.os)
 .eh_frame      0x0000000000002800       0x30 /home/khsieh3/util/glibc_2.27/glibc_build/libc_pic.a(memcpy.os)
 .eh_frame      0x0000000000002830       0x30 /home/khsieh3/util/glibc_2.27/glibc_build/libc_pic.a(rawmemchr.os)
 .eh_frame      0x0000000000002860       0x38 /home/khsieh3/util/glibc_2.27/glibc_build/libc_pic.a(basename.os)
 .eh_frame      0x0000000000002898       0x30 /home/khsieh3/util/glibc_2.27/glibc_build/libc_pic.a(strcmp-sse2.os)
 .eh_frame      0x00000000000028c8       0x30 /home/khsieh3/util/glibc_2.27/glibc_build/libc_pic.a(strcmp-sse2-unaligned.os)
 .eh_frame      0x00000000000028f8       0x30 /home/khsieh3/util/glibc_2.27/glibc_build/libc_pic.a(strcmp-ssse3.os)
 .eh_frame      0x0000000000002928       0x30 /home/khsieh3/util/glibc_2.27/glibc_build/libc_pic.a(memchr-sse2.os)
 .eh_frame      0x0000000000002958       0x30 /home/khsieh3/util/glibc_2.27/glibc_build/libc_pic.a(rawmemchr-sse2.os)
 .eh_frame      0x0000000000002988       0x30 /home/khsieh3/util/glibc_2.27/glibc_build/libc_pic.a(memchr-avx2.os)
 .eh_frame      0x00000000000029b8       0x30 /home/khsieh3/util/glibc_2.27/glibc_build/libc_pic.a(rawmemchr-avx2.os)
 .eh_frame      0x00000000000029e8       0x30 /home/khsieh3/util/glibc_2.27/glibc_build/libc_pic.a(memcmp-sse2.os)
 .eh_frame      0x0000000000002a18       0x30 /home/khsieh3/util/glibc_2.27/glibc_build/libc_pic.a(memcmp-avx2-movbe.os)
 .eh_frame      0x0000000000002a48       0x30 /home/khsieh3/util/glibc_2.27/glibc_build/libc_pic.a(memcmp-sse4.os)
 .eh_frame      0x0000000000002a78       0x68 /home/khsieh3/util/glibc_2.27/glibc_build/libc_pic.a(memcpy-ssse3.os)
 .eh_frame      0x0000000000002ae0       0x40 /home/khsieh3/util/glibc_2.27/glibc_build/libc_pic.a(memmove-ssse3.os)
 .eh_frame      0x0000000000002b20       0x68 /home/khsieh3/util/glibc_2.27/glibc_build/libc_pic.a(memcpy-ssse3-back.os)
 .eh_frame      0x0000000000002b88       0x40 /home/khsieh3/util/glibc_2.27/glibc_build/libc_pic.a(memmove-ssse3-back.os)
 .eh_frame      0x0000000000002bc8       0x68 /home/khsieh3/util/glibc_2.27/glibc_build/libc_pic.a(memmove-avx512-no-vzeroupper.os)
 .eh_frame      0x0000000000002c30       0x30 /home/khsieh3/util/glibc_2.27/glibc_build/libc_pic.a(strchr-sse2.os)
 .eh_frame      0x0000000000002c60       0x30 /home/khsieh3/util/glibc_2.27/glibc_build/libc_pic.a(strchr-avx2.os)
 .eh_frame      0x0000000000002c90       0x30 /home/khsieh3/util/glibc_2.27/glibc_build/libc_pic.a(strlen-sse2.os)
 .eh_frame      0x0000000000002cc0       0x30 /home/khsieh3/util/glibc_2.27/glibc_build/libc_pic.a(strnlen-sse2.os)
 .eh_frame      0x0000000000002cf0       0x30 /home/khsieh3/util/glibc_2.27/glibc_build/libc_pic.a(strlen-avx2.os)
 .eh_frame      0x0000000000002d20       0x30 /home/khsieh3/util/glibc_2.27/glibc_build/libc_pic.a(strnlen-avx2.os)
 .eh_frame      0x0000000000002d50       0x30 /home/khsieh3/util/glibc_2.27/glibc_build/libc_pic.a(stpcpy-sse2.os)
 .eh_frame      0x0000000000002d80       0x30 /home/khsieh3/util/glibc_2.27/glibc_build/libc_pic.a(stpcpy-ssse3.os)
 .eh_frame      0x0000000000002db0       0x30 /home/khsieh3/util/glibc_2.27/glibc_build/libc_pic.a(stpcpy-sse2-unaligned.os)
 .eh_frame      0x0000000000002de0       0x30 /home/khsieh3/util/glibc_2.27/glibc_build/libc_pic.a(strchr-sse2-no-bsf.os)
 .eh_frame      0x0000000000002e10       0x30 /home/khsieh3/util/glibc_2.27/glibc_build/libc_pic.a(memcmp-ssse3.os)
 .eh_frame      0x0000000000002e40       0x38 /home/khsieh3/util/glibc_2.27/glibc_build/libc_pic.a(strcspn-sse2.os)
 .eh_frame      0x0000000000002e78       0x30 /home/khsieh3/util/glibc_2.27/glibc_build/libc_pic.a(strcspn-c.os)
 .eh_frame      0x0000000000002ea8       0x40 /home/khsieh3/util/glibc_2.27/glibc_build/libc_pic.a(memset-avx512-no-vzeroupper.os)
 .eh_frame      0x0000000000002ee8      0x108 /home/khsieh3/util/glibc_2.27/glibc_build/libc_pic.a(memmove-sse2-unaligned-erms.os)
 .eh_frame      0x0000000000002ff0       0xb8 /home/khsieh3/util/glibc_2.27/glibc_build/libc_pic.a(memmove-avx-unaligned-erms.os)
 .eh_frame      0x00000000000030a8       0xb8 /home/khsieh3/util/glibc_2.27/glibc_build/libc_pic.a(memmove-avx512-unaligned-erms.os)
 .eh_frame      0x0000000000003160       0xd0 /home/khsieh3/util/glibc_2.27/glibc_build/libc_pic.a(memset-sse2-unaligned-erms.os)
 .eh_frame      0x0000000000003230       0xa8 /home/khsieh3/util/glibc_2.27/glibc_build/libc_pic.a(memset-avx2-unaligned-erms.os)
 .eh_frame      0x00000000000032d8       0xa8 /home/khsieh3/util/glibc_2.27/glibc_build/libc_pic.a(memset-avx512-unaligned-erms.os)
 .eh_frame      0x0000000000003380      0x198 /home/khsieh3/util/glibc_2.27/glibc_build/libc_pic.a(cacheinfo.os)
 .eh_frame      0x0000000000003518       0x38 /home/khsieh3/util/glibc_2.27/glibc_build/libc_pic.a(closedir.os)
 .eh_frame      0x0000000000003550       0x68 /home/khsieh3/util/glibc_2.27/glibc_build/libc_pic.a(readdir.os)
 .eh_frame      0x00000000000035b8       0x40 /home/khsieh3/util/glibc_2.27/glibc_build/libc_pic.a(rewinddir.os)
 .eh_frame      0x00000000000035f8       0x68 /home/khsieh3/util/glibc_2.27/glibc_build/libc_pic.a(getdents.os)
 .eh_frame      0x0000000000003660       0x50 /home/khsieh3/util/glibc_2.27/glibc_build/libc_pic.a(fdopendir.os)
 .eh_frame      0x00000000000036b0       0x30 /home/khsieh3/util/glibc_2.27/glibc_build/libc_pic.a(uname.os)
 .eh_frame      0x00000000000036e0       0x30 /home/khsieh3/util/glibc_2.27/glibc_build/libc_pic.a(_exit.os)
 .eh_frame      0x0000000000003710       0x30 /home/khsieh3/util/glibc_2.27/glibc_build/libc_pic.a(getpid.os)
 .eh_frame      0x0000000000003740       0x30 /home/khsieh3/util/glibc_2.27/glibc_build/libc_pic.a(xstat.os)
 .eh_frame      0x0000000000003770       0x30 /home/khsieh3/util/glibc_2.27/glibc_build/libc_pic.a(fxstat.os)
 .eh_frame      0x00000000000037a0       0x30 /home/khsieh3/util/glibc_2.27/glibc_build/libc_pic.a(lxstat.os)
 .eh_frame      0x00000000000037d0       0x68 /home/khsieh3/util/glibc_2.27/glibc_build/libc_pic.a(open64.os)
 .eh_frame      0x0000000000003838       0x70 /home/khsieh3/util/glibc_2.27/glibc_build/libc_pic.a(openat64.os)
 .eh_frame      0x00000000000038a8       0x68 /home/khsieh3/util/glibc_2.27/glibc_build/libc_pic.a(read.os)
 .eh_frame      0x0000000000003910       0x68 /home/khsieh3/util/glibc_2.27/glibc_build/libc_pic.a(write.os)
 .eh_frame      0x0000000000003978       0x30 /home/khsieh3/util/glibc_2.27/glibc_build/libc_pic.a(lseek64.os)
 .eh_frame      0x00000000000039a8       0x30 /home/khsieh3/util/glibc_2.27/glibc_build/libc_pic.a(access.os)
 .eh_frame      0x00000000000039d8       0x68 /home/khsieh3/util/glibc_2.27/glibc_build/libc_pic.a(fcntl.os)
 .eh_frame      0x0000000000003a40       0x58 /home/khsieh3/util/glibc_2.27/glibc_build/libc_pic.a(close.os)
 .eh_frame      0x0000000000003a98       0x70 /home/khsieh3/util/glibc_2.27/glibc_build/libc_pic.a(mmap64.os)
 .eh_frame      0x0000000000003b08       0x30 /home/khsieh3/util/glibc_2.27/glibc_build/libc_pic.a(munmap.os)
 .eh_frame      0x0000000000003b38       0x30 /home/khsieh3/util/glibc_2.27/glibc_build/libc_pic.a(mprotect.os)
 .eh_frame      0x0000000000003b68       0x80 /home/khsieh3/util/glibc_2.27/glibc_build/libc_pic.a(profil.os)
 .eh_frame      0x0000000000003be8       0x30 /home/khsieh3/util/glibc_2.27/glibc_build/libc_pic.a(prof-freq.os)
 .eh_frame      0x0000000000003c18       0x60 /home/khsieh3/util/glibc_2.27/glibc_build/libc_pic.a(libc-lowlevellock.os)
 .eh_frame      0x0000000000003c78       0x40 /home/khsieh3/util/glibc_2.27/glibc_build/libc_pic.a(libc-cancellation.os)
 .eh_frame      0x0000000000003cb8       0x30 /home/khsieh3/util/glibc_2.27/glibc_build/libc_pic.a(dl-addr-obj.os)
 .eh_frame      0x0000000000003ce8       0xe0 /home/khsieh3/util/glibc_2.27/glibc_build/libc_pic.a(sigaction.os)
                                         0xe8 (size before relaxing)
 .eh_frame      0x0000000000003dc8       0x30 /home/khsieh3/util/glibc_2.27/glibc_build/libc_pic.a(strrchr.os)
 .eh_frame      0x0000000000003df8       0x30 /home/khsieh3/util/glibc_2.27/glibc_build/libc_pic.a(strrchr-sse2.os)
 .eh_frame      0x0000000000003e28       0x30 /home/khsieh3/util/glibc_2.27/glibc_build/libc_pic.a(strrchr-avx2.os)
 .eh_frame      0x0000000000003e58       0x30 /home/khsieh3/util/glibc_2.27/glibc_build/libc_pic.a(setitimer.os)
 .eh_frame      0x0000000000003e88      0x300 /home/khsieh3/util/glibc_2.27/glibc_build/libc_pic.a(forward.os)
 .eh_frame      0x0000000000004188       0x88 /home/khsieh3/util/glibc_2.27/glibc_build/libc_pic.a(exit.os)
 .eh_frame      0x0000000000004210       0xb0 /home/khsieh3/util/glibc_2.27/glibc_build/libc_pic.a(cxa_atexit.os)
 .eh_frame      0x00000000000042c0       0x7c /home/khsieh3/util/glibc_2.27/glibc_build/libc_pic.a(cxa_thread_atexit_impl.os)
                                         0x80 (size before relaxing)

.gcc_except_table
 *(.gcc_except_table .gcc_except_table.*)

.gnu_extab
 *(.gnu_extab*)

.exception_ranges
 *(.exception_ranges .exception_ranges*)

.eh_frame
 *(.eh_frame)

.gnu_extab
 *(.gnu_extab)

.gcc_except_table
 *(.gcc_except_table .gcc_except_table.*)

.exception_ranges
 *(.exception_ranges .exception_ranges*)

.tdata
 *(.tdata)

.tbss           0x0000000000000000       0x18
 *(.tbss)
 .tbss          0x0000000000000000        0x4 /home/khsieh3/util/glibc_2.27/glibc_build/libc_pic.a(errno.os)
                0x0000000000000000                errno
                0x0000000000000000                __libc_errno
 *fill*         0x0000000000000004        0x4 
 .tbss          0x0000000000000008       0x10 /home/khsieh3/util/glibc_2.27/glibc_build/libc_pic.a(cxa_thread_atexit_impl.os)

.jcr
 *(.jcr)

.dynamic
 *(.dynamic)

.got
 *(.got)
 *(.igot)

.got.plt
 *(.got.plt)
 *(.igot.plt)

.data           0x0000000000000000      0xfb8
 *(.data)
 .data          0x0000000000000000      0xf78 /home/khsieh3/util/glibc_2.27/glibc_build/elf/dl-allobjs.os
                0x0000000000000000                _rtld_global
                0x0000000000000000                _rtld_local
 .data          0x0000000000000f78        0x0 /home/khsieh3/util/glibc_2.27/glibc_build/libc_pic.a(check_fds.os)
 .data          0x0000000000000f78        0x0 /home/khsieh3/util/glibc_2.27/glibc_build/libc_pic.a(errno.os)
 .data          0x0000000000000f78        0x0 /home/khsieh3/util/glibc_2.27/glibc_build/libc_pic.a(setjmp.os)
 .data          0x0000000000000f78        0x0 /home/khsieh3/util/glibc_2.27/glibc_build/libc_pic.a(__longjmp.os)
 .data          0x0000000000000f78        0x0 /home/khsieh3/util/glibc_2.27/glibc_build/libc_pic.a(strchr.os)
 .data          0x0000000000000f78        0x0 /home/khsieh3/util/glibc_2.27/glibc_build/libc_pic.a(strcmp.os)
 .data          0x0000000000000f78        0x0 /home/khsieh3/util/glibc_2.27/glibc_build/libc_pic.a(strcspn.os)
 .data          0x0000000000000f78        0x0 /home/khsieh3/util/glibc_2.27/glibc_build/libc_pic.a(strdup.os)
 .data          0x0000000000000f78        0x0 /home/khsieh3/util/glibc_2.27/glibc_build/libc_pic.a(strlen.os)
 .data          0x0000000000000f78        0x0 /home/khsieh3/util/glibc_2.27/glibc_build/libc_pic.a(strnlen.os)
 .data          0x0000000000000f78        0x0 /home/khsieh3/util/glibc_2.27/glibc_build/libc_pic.a(memchr.os)
 .data          0x0000000000000f78        0x0 /home/khsieh3/util/glibc_2.27/glibc_build/libc_pic.a(memcmp.os)
 .data          0x0000000000000f78        0x0 /home/khsieh3/util/glibc_2.27/glibc_build/libc_pic.a(memmove.os)
 .data          0x0000000000000f78        0x0 /home/khsieh3/util/glibc_2.27/glibc_build/libc_pic.a(memset.os)
 .data          0x0000000000000f78        0x0 /home/khsieh3/util/glibc_2.27/glibc_build/libc_pic.a(mempcpy.os)
 .data          0x0000000000000f78        0x0 /home/khsieh3/util/glibc_2.27/glibc_build/libc_pic.a(stpcpy.os)
 .data          0x0000000000000f78        0x0 /home/khsieh3/util/glibc_2.27/glibc_build/libc_pic.a(memcpy.os)
 .data          0x0000000000000f78        0x0 /home/khsieh3/util/glibc_2.27/glibc_build/libc_pic.a(rawmemchr.os)
 .data          0x0000000000000f78        0x0 /home/khsieh3/util/glibc_2.27/glibc_build/libc_pic.a(basename.os)
 .data          0x0000000000000f78        0x0 /home/khsieh3/util/glibc_2.27/glibc_build/libc_pic.a(strcmp-sse2.os)
 .data          0x0000000000000f78        0x0 /home/khsieh3/util/glibc_2.27/glibc_build/libc_pic.a(strcmp-sse2-unaligned.os)
 .data          0x0000000000000f78        0x0 /home/khsieh3/util/glibc_2.27/glibc_build/libc_pic.a(strcmp-ssse3.os)
 .data          0x0000000000000f78        0x0 /home/khsieh3/util/glibc_2.27/glibc_build/libc_pic.a(memchr-sse2.os)
 .data          0x0000000000000f78        0x0 /home/khsieh3/util/glibc_2.27/glibc_build/libc_pic.a(rawmemchr-sse2.os)
 .data          0x0000000000000f78        0x0 /home/khsieh3/util/glibc_2.27/glibc_build/libc_pic.a(memchr-avx2.os)
 .data          0x0000000000000f78        0x0 /home/khsieh3/util/glibc_2.27/glibc_build/libc_pic.a(rawmemchr-avx2.os)
 .data          0x0000000000000f78        0x0 /home/khsieh3/util/glibc_2.27/glibc_build/libc_pic.a(memcmp-sse2.os)
 .data          0x0000000000000f78        0x0 /home/khsieh3/util/glibc_2.27/glibc_build/libc_pic.a(memcmp-avx2-movbe.os)
 .data          0x0000000000000f78        0x0 /home/khsieh3/util/glibc_2.27/glibc_build/libc_pic.a(memcmp-sse4.os)
 .data          0x0000000000000f78        0x0 /home/khsieh3/util/glibc_2.27/glibc_build/libc_pic.a(memcpy-ssse3.os)
 .data          0x0000000000000f78        0x0 /home/khsieh3/util/glibc_2.27/glibc_build/libc_pic.a(memmove-ssse3.os)
 .data          0x0000000000000f78        0x0 /home/khsieh3/util/glibc_2.27/glibc_build/libc_pic.a(memcpy-ssse3-back.os)
 .data          0x0000000000000f78        0x0 /home/khsieh3/util/glibc_2.27/glibc_build/libc_pic.a(memmove-ssse3-back.os)
 .data          0x0000000000000f78        0x0 /home/khsieh3/util/glibc_2.27/glibc_build/libc_pic.a(memmove-avx512-no-vzeroupper.os)
 .data          0x0000000000000f78        0x0 /home/khsieh3/util/glibc_2.27/glibc_build/libc_pic.a(strchr-sse2.os)
 .data          0x0000000000000f78        0x0 /home/khsieh3/util/glibc_2.27/glibc_build/libc_pic.a(strchr-avx2.os)
 .data          0x0000000000000f78        0x0 /home/khsieh3/util/glibc_2.27/glibc_build/libc_pic.a(strlen-sse2.os)
 .data          0x0000000000000f78        0x0 /home/khsieh3/util/glibc_2.27/glibc_build/libc_pic.a(strnlen-sse2.os)
 .data          0x0000000000000f78        0x0 /home/khsieh3/util/glibc_2.27/glibc_build/libc_pic.a(strlen-avx2.os)
 .data          0x0000000000000f78        0x0 /home/khsieh3/util/glibc_2.27/glibc_build/libc_pic.a(strnlen-avx2.os)
 .data          0x0000000000000f78        0x0 /home/khsieh3/util/glibc_2.27/glibc_build/libc_pic.a(stpcpy-sse2.os)
 .data          0x0000000000000f78        0x0 /home/khsieh3/util/glibc_2.27/glibc_build/libc_pic.a(stpcpy-ssse3.os)
 .data          0x0000000000000f78        0x0 /home/khsieh3/util/glibc_2.27/glibc_build/libc_pic.a(stpcpy-sse2-unaligned.os)
 .data          0x0000000000000f78        0x0 /home/khsieh3/util/glibc_2.27/glibc_build/libc_pic.a(strchr-sse2-no-bsf.os)
 .data          0x0000000000000f78        0x0 /home/khsieh3/util/glibc_2.27/glibc_build/libc_pic.a(memcmp-ssse3.os)
 .data          0x0000000000000f78        0x0 /home/khsieh3/util/glibc_2.27/glibc_build/libc_pic.a(strcspn-sse2.os)
 .data          0x0000000000000f78        0x0 /home/khsieh3/util/glibc_2.27/glibc_build/libc_pic.a(strcspn-c.os)
 .data          0x0000000000000f78        0x0 /home/khsieh3/util/glibc_2.27/glibc_build/libc_pic.a(varshift.os)
 .data          0x0000000000000f78        0x0 /home/khsieh3/util/glibc_2.27/glibc_build/libc_pic.a(memset-avx512-no-vzeroupper.os)
 .data          0x0000000000000f78        0x0 /home/khsieh3/util/glibc_2.27/glibc_build/libc_pic.a(memmove-sse2-unaligned-erms.os)
 .data          0x0000000000000f78        0x0 /home/khsieh3/util/glibc_2.27/glibc_build/libc_pic.a(memmove-avx-unaligned-erms.os)
 .data          0x0000000000000f78        0x0 /home/khsieh3/util/glibc_2.27/glibc_build/libc_pic.a(memmove-avx512-unaligned-erms.os)
 .data          0x0000000000000f78        0x0 /home/khsieh3/util/glibc_2.27/glibc_build/libc_pic.a(memset-sse2-unaligned-erms.os)
 .data          0x0000000000000f78        0x0 /home/khsieh3/util/glibc_2.27/glibc_build/libc_pic.a(memset-avx2-unaligned-erms.os)
 .data          0x0000000000000f78        0x0 /home/khsieh3/util/glibc_2.27/glibc_build/libc_pic.a(memset-avx512-unaligned-erms.os)
 .data          0x0000000000000f78       0x40 /home/khsieh3/util/glibc_2.27/glibc_build/libc_pic.a(cacheinfo.os)
                0x0000000000000f78                __x86_raw_shared_cache_size
                0x0000000000000f80                __x86_raw_shared_cache_size_half
                0x0000000000000f88                __x86_shared_cache_size
                0x0000000000000f90                __x86_shared_cache_size_half
                0x0000000000000f98                __x86_raw_data_cache_size
                0x0000000000000fa0                __x86_raw_data_cache_size_half
                0x0000000000000fa8                __x86_data_cache_size
                0x0000000000000fb0                __x86_data_cache_size_half
 .data          0x0000000000000fb8        0x0 /home/khsieh3/util/glibc_2.27/glibc_build/libc_pic.a(closedir.os)
 .data          0x0000000000000fb8        0x0 /home/khsieh3/util/glibc_2.27/glibc_build/libc_pic.a(readdir.os)
 .data          0x0000000000000fb8        0x0 /home/khsieh3/util/glibc_2.27/glibc_build/libc_pic.a(rewinddir.os)
 .data          0x0000000000000fb8        0x0 /home/khsieh3/util/glibc_2.27/glibc_build/libc_pic.a(getdents.os)
 .data          0x0000000000000fb8        0x0 /home/khsieh3/util/glibc_2.27/glibc_build/libc_pic.a(fdopendir.os)
 .data          0x0000000000000fb8        0x0 /home/khsieh3/util/glibc_2.27/glibc_build/libc_pic.a(uname.os)
 .data          0x0000000000000fb8        0x0 /home/khsieh3/util/glibc_2.27/glibc_build/libc_pic.a(_exit.os)
 .data          0x0000000000000fb8        0x0 /home/khsieh3/util/glibc_2.27/glibc_build/libc_pic.a(getpid.os)
 .data          0x0000000000000fb8        0x0 /home/khsieh3/util/glibc_2.27/glibc_build/libc_pic.a(environ.os)
 .data          0x0000000000000fb8        0x0 /home/khsieh3/util/glibc_2.27/glibc_build/libc_pic.a(xstat.os)
 .data          0x0000000000000fb8        0x0 /home/khsieh3/util/glibc_2.27/glibc_build/libc_pic.a(fxstat.os)
 .data          0x0000000000000fb8        0x0 /home/khsieh3/util/glibc_2.27/glibc_build/libc_pic.a(lxstat.os)
 .data          0x0000000000000fb8        0x0 /home/khsieh3/util/glibc_2.27/glibc_build/libc_pic.a(open64.os)
 .data          0x0000000000000fb8        0x0 /home/khsieh3/util/glibc_2.27/glibc_build/libc_pic.a(openat64.os)
 .data          0x0000000000000fb8        0x0 /home/khsieh3/util/glibc_2.27/glibc_build/libc_pic.a(read.os)
 .data          0x0000000000000fb8        0x0 /home/khsieh3/util/glibc_2.27/glibc_build/libc_pic.a(write.os)
 .data          0x0000000000000fb8        0x0 /home/khsieh3/util/glibc_2.27/glibc_build/libc_pic.a(lseek64.os)
 .data          0x0000000000000fb8        0x0 /home/khsieh3/util/glibc_2.27/glibc_build/libc_pic.a(access.os)
 .data          0x0000000000000fb8        0x0 /home/khsieh3/util/glibc_2.27/glibc_build/libc_pic.a(fcntl.os)
 .data          0x0000000000000fb8        0x0 /home/khsieh3/util/glibc_2.27/glibc_build/libc_pic.a(close.os)
 .data          0x0000000000000fb8        0x0 /home/khsieh3/util/glibc_2.27/glibc_build/libc_pic.a(mmap64.os)
 .data          0x0000000000000fb8        0x0 /home/khsieh3/util/glibc_2.27/glibc_build/libc_pic.a(munmap.os)
 .data          0x0000000000000fb8        0x0 /home/khsieh3/util/glibc_2.27/glibc_build/libc_pic.a(mprotect.os)
 .data          0x0000000000000fb8        0x0 /home/khsieh3/util/glibc_2.27/glibc_build/libc_pic.a(profil.os)
 .data          0x0000000000000fb8        0x0 /home/khsieh3/util/glibc_2.27/glibc_build/libc_pic.a(prof-freq.os)
 .data          0x0000000000000fb8        0x0 /home/khsieh3/util/glibc_2.27/glibc_build/libc_pic.a(libc-lowlevellock.os)
 .data          0x0000000000000fb8        0x0 /home/khsieh3/util/glibc_2.27/glibc_build/libc_pic.a(libc-cancellation.os)
 .data          0x0000000000000fb8        0x0 /home/khsieh3/util/glibc_2.27/glibc_build/libc_pic.a(libc_multiple_threads.os)
 .data          0x0000000000000fb8        0x0 /home/khsieh3/util/glibc_2.27/glibc_build/libc_pic.a(dl-addr-obj.os)
 .data          0x0000000000000fb8        0x0 /home/khsieh3/util/glibc_2.27/glibc_build/libc_pic.a(sigaction.os)
 .data          0x0000000000000fb8        0x0 /home/khsieh3/util/glibc_2.27/glibc_build/libc_pic.a(strrchr.os)
 .data          0x0000000000000fb8        0x0 /home/khsieh3/util/glibc_2.27/glibc_build/libc_pic.a(strrchr-sse2.os)
 .data          0x0000000000000fb8        0x0 /home/khsieh3/util/glibc_2.27/glibc_build/libc_pic.a(strrchr-avx2.os)
 .data          0x0000000000000fb8        0x0 /home/khsieh3/util/glibc_2.27/glibc_build/libc_pic.a(setitimer.os)
 .data          0x0000000000000fb8        0x0 /home/khsieh3/util/glibc_2.27/glibc_build/libc_pic.a(forward.os)
 .data          0x0000000000000fb8        0x0 /home/khsieh3/util/glibc_2.27/glibc_build/libc_pic.a(exit.os)
 .data          0x0000000000000fb8        0x0 /home/khsieh3/util/glibc_2.27/glibc_build/libc_pic.a(cxa_atexit.os)
 .data          0x0000000000000fb8        0x0 /home/khsieh3/util/glibc_2.27/glibc_build/libc_pic.a(cxa_thread_atexit_impl.os)

.data.rel.ro    0x0000000000000000      0x7e4
 .data.rel.ro   0x0000000000000000      0x7e4 /home/khsieh3/util/glibc_2.27/glibc_build/elf/dl-allobjs.os
                0x00000000000000b0                __pointer_chk_guard_local
                0x00000000000000b8                _dl_skip_args
                0x00000000000000c0                __GI__dl_argv
                0x00000000000000c0                _dl_argv
                0x00000000000000c8                _dl_argc
                0x00000000000000e0                _rtld_global_ro
                0x00000000000000e0                _rtld_local_ro
                0x00000000000002e0                __stack_prot
                0x00000000000007d0                _dl_random
                0x00000000000007d8                __libc_stack_end
                0x00000000000007d8                __GI___libc_stack_end
                0x00000000000007e0                __GI___libc_enable_secure
                0x00000000000007e0                __libc_enable_secure

.init_array     0x0000000000000000        0x8
 .init_array    0x0000000000000000        0x8 /home/khsieh3/util/glibc_2.27/glibc_build/libc_pic.a(cacheinfo.os)

.data.rel.local
                0x0000000000000000        0x8
 .data.rel.local
                0x0000000000000000        0x8 /home/khsieh3/util/glibc_2.27/glibc_build/libc_pic.a(cxa_atexit.os)
                0x0000000000000000                __exit_funcs

.data1
 *(.data1)

.bss            0x0000000000000000      0x630
 *(.bss)
 .bss           0x0000000000000000      0x118 /home/khsieh3/util/glibc_2.27/glibc_build/elf/dl-allobjs.os
                0x00000000000000e0                __libc_multiple_libcs
                0x0000000000000110                __curbrk
 .bss           0x0000000000000118        0x0 /home/khsieh3/util/glibc_2.27/glibc_build/libc_pic.a(check_fds.os)
 .bss           0x0000000000000118        0x0 /home/khsieh3/util/glibc_2.27/glibc_build/libc_pic.a(errno.os)
 .bss           0x0000000000000118        0x0 /home/khsieh3/util/glibc_2.27/glibc_build/libc_pic.a(setjmp.os)
 .bss           0x0000000000000118        0x0 /home/khsieh3/util/glibc_2.27/glibc_build/libc_pic.a(__longjmp.os)
 .bss           0x0000000000000118        0x0 /home/khsieh3/util/glibc_2.27/glibc_build/libc_pic.a(strchr.os)
 .bss           0x0000000000000118        0x0 /home/khsieh3/util/glibc_2.27/glibc_build/libc_pic.a(strcmp.os)
 .bss           0x0000000000000118        0x0 /home/khsieh3/util/glibc_2.27/glibc_build/libc_pic.a(strcspn.os)
 .bss           0x0000000000000118        0x0 /home/khsieh3/util/glibc_2.27/glibc_build/libc_pic.a(strdup.os)
 .bss           0x0000000000000118        0x0 /home/khsieh3/util/glibc_2.27/glibc_build/libc_pic.a(strlen.os)
 .bss           0x0000000000000118        0x0 /home/khsieh3/util/glibc_2.27/glibc_build/libc_pic.a(strnlen.os)
 .bss           0x0000000000000118        0x0 /home/khsieh3/util/glibc_2.27/glibc_build/libc_pic.a(memchr.os)
 .bss           0x0000000000000118        0x0 /home/khsieh3/util/glibc_2.27/glibc_build/libc_pic.a(memcmp.os)
 .bss           0x0000000000000118        0x0 /home/khsieh3/util/glibc_2.27/glibc_build/libc_pic.a(memmove.os)
 .bss           0x0000000000000118        0x0 /home/khsieh3/util/glibc_2.27/glibc_build/libc_pic.a(memset.os)
 .bss           0x0000000000000118        0x0 /home/khsieh3/util/glibc_2.27/glibc_build/libc_pic.a(mempcpy.os)
 .bss           0x0000000000000118        0x0 /home/khsieh3/util/glibc_2.27/glibc_build/libc_pic.a(stpcpy.os)
 .bss           0x0000000000000118        0x0 /home/khsieh3/util/glibc_2.27/glibc_build/libc_pic.a(memcpy.os)
 .bss           0x0000000000000118        0x0 /home/khsieh3/util/glibc_2.27/glibc_build/libc_pic.a(rawmemchr.os)
 .bss           0x0000000000000118        0x0 /home/khsieh3/util/glibc_2.27/glibc_build/libc_pic.a(basename.os)
 .bss           0x0000000000000118        0x0 /home/khsieh3/util/glibc_2.27/glibc_build/libc_pic.a(strcmp-sse2.os)
 .bss           0x0000000000000118        0x0 /home/khsieh3/util/glibc_2.27/glibc_build/libc_pic.a(strcmp-sse2-unaligned.os)
 .bss           0x0000000000000118        0x0 /home/khsieh3/util/glibc_2.27/glibc_build/libc_pic.a(strcmp-ssse3.os)
 .bss           0x0000000000000118        0x0 /home/khsieh3/util/glibc_2.27/glibc_build/libc_pic.a(memchr-sse2.os)
 .bss           0x0000000000000118        0x0 /home/khsieh3/util/glibc_2.27/glibc_build/libc_pic.a(rawmemchr-sse2.os)
 .bss           0x0000000000000118        0x0 /home/khsieh3/util/glibc_2.27/glibc_build/libc_pic.a(memchr-avx2.os)
 .bss           0x0000000000000118        0x0 /home/khsieh3/util/glibc_2.27/glibc_build/libc_pic.a(rawmemchr-avx2.os)
 .bss           0x0000000000000118        0x0 /home/khsieh3/util/glibc_2.27/glibc_build/libc_pic.a(memcmp-sse2.os)
 .bss           0x0000000000000118        0x0 /home/khsieh3/util/glibc_2.27/glibc_build/libc_pic.a(memcmp-avx2-movbe.os)
 .bss           0x0000000000000118        0x0 /home/khsieh3/util/glibc_2.27/glibc_build/libc_pic.a(memcmp-sse4.os)
 .bss           0x0000000000000118        0x0 /home/khsieh3/util/glibc_2.27/glibc_build/libc_pic.a(memcpy-ssse3.os)
 .bss           0x0000000000000118        0x0 /home/khsieh3/util/glibc_2.27/glibc_build/libc_pic.a(memmove-ssse3.os)
 .bss           0x0000000000000118        0x0 /home/khsieh3/util/glibc_2.27/glibc_build/libc_pic.a(memcpy-ssse3-back.os)
 .bss           0x0000000000000118        0x0 /home/khsieh3/util/glibc_2.27/glibc_build/libc_pic.a(memmove-ssse3-back.os)
 .bss           0x0000000000000118        0x0 /home/khsieh3/util/glibc_2.27/glibc_build/libc_pic.a(memmove-avx512-no-vzeroupper.os)
 .bss           0x0000000000000118        0x0 /home/khsieh3/util/glibc_2.27/glibc_build/libc_pic.a(strchr-sse2.os)
 .bss           0x0000000000000118        0x0 /home/khsieh3/util/glibc_2.27/glibc_build/libc_pic.a(strchr-avx2.os)
 .bss           0x0000000000000118        0x0 /home/khsieh3/util/glibc_2.27/glibc_build/libc_pic.a(strlen-sse2.os)
 .bss           0x0000000000000118        0x0 /home/khsieh3/util/glibc_2.27/glibc_build/libc_pic.a(strnlen-sse2.os)
 .bss           0x0000000000000118        0x0 /home/khsieh3/util/glibc_2.27/glibc_build/libc_pic.a(strlen-avx2.os)
 .bss           0x0000000000000118        0x0 /home/khsieh3/util/glibc_2.27/glibc_build/libc_pic.a(strnlen-avx2.os)
 .bss           0x0000000000000118        0x0 /home/khsieh3/util/glibc_2.27/glibc_build/libc_pic.a(stpcpy-sse2.os)
 .bss           0x0000000000000118        0x0 /home/khsieh3/util/glibc_2.27/glibc_build/libc_pic.a(stpcpy-ssse3.os)
 .bss           0x0000000000000118        0x0 /home/khsieh3/util/glibc_2.27/glibc_build/libc_pic.a(stpcpy-sse2-unaligned.os)
 .bss           0x0000000000000118        0x0 /home/khsieh3/util/glibc_2.27/glibc_build/libc_pic.a(strchr-sse2-no-bsf.os)
 .bss           0x0000000000000118        0x0 /home/khsieh3/util/glibc_2.27/glibc_build/libc_pic.a(memcmp-ssse3.os)
 .bss           0x0000000000000118        0x0 /home/khsieh3/util/glibc_2.27/glibc_build/libc_pic.a(strcspn-sse2.os)
 .bss           0x0000000000000118        0x0 /home/khsieh3/util/glibc_2.27/glibc_build/libc_pic.a(strcspn-c.os)
 .bss           0x0000000000000118        0x0 /home/khsieh3/util/glibc_2.27/glibc_build/libc_pic.a(varshift.os)
 .bss           0x0000000000000118        0x0 /home/khsieh3/util/glibc_2.27/glibc_build/libc_pic.a(memset-avx512-no-vzeroupper.os)
 .bss           0x0000000000000118        0x0 /home/khsieh3/util/glibc_2.27/glibc_build/libc_pic.a(memmove-sse2-unaligned-erms.os)
 .bss           0x0000000000000118        0x0 /home/khsieh3/util/glibc_2.27/glibc_build/libc_pic.a(memmove-avx-unaligned-erms.os)
 .bss           0x0000000000000118        0x0 /home/khsieh3/util/glibc_2.27/glibc_build/libc_pic.a(memmove-avx512-unaligned-erms.os)
 .bss           0x0000000000000118        0x0 /home/khsieh3/util/glibc_2.27/glibc_build/libc_pic.a(memset-sse2-unaligned-erms.os)
 .bss           0x0000000000000118        0x0 /home/khsieh3/util/glibc_2.27/glibc_build/libc_pic.a(memset-avx2-unaligned-erms.os)
 .bss           0x0000000000000118        0x0 /home/khsieh3/util/glibc_2.27/glibc_build/libc_pic.a(memset-avx512-unaligned-erms.os)
 .bss           0x0000000000000118        0x0 /home/khsieh3/util/glibc_2.27/glibc_build/libc_pic.a(cacheinfo.os)
 .bss           0x0000000000000118        0x0 /home/khsieh3/util/glibc_2.27/glibc_build/libc_pic.a(closedir.os)
 .bss           0x0000000000000118        0x0 /home/khsieh3/util/glibc_2.27/glibc_build/libc_pic.a(readdir.os)
 .bss           0x0000000000000118        0x0 /home/khsieh3/util/glibc_2.27/glibc_build/libc_pic.a(rewinddir.os)
 .bss           0x0000000000000118        0x0 /home/khsieh3/util/glibc_2.27/glibc_build/libc_pic.a(getdents.os)
 .bss           0x0000000000000118        0x0 /home/khsieh3/util/glibc_2.27/glibc_build/libc_pic.a(fdopendir.os)
 .bss           0x0000000000000118        0x0 /home/khsieh3/util/glibc_2.27/glibc_build/libc_pic.a(uname.os)
 .bss           0x0000000000000118        0x0 /home/khsieh3/util/glibc_2.27/glibc_build/libc_pic.a(_exit.os)
 .bss           0x0000000000000118        0x0 /home/khsieh3/util/glibc_2.27/glibc_build/libc_pic.a(getpid.os)
 .bss           0x0000000000000118        0x8 /home/khsieh3/util/glibc_2.27/glibc_build/libc_pic.a(environ.os)
                0x0000000000000118                _environ
                0x0000000000000118                __environ
                0x0000000000000118                environ
 .bss           0x0000000000000120        0x0 /home/khsieh3/util/glibc_2.27/glibc_build/libc_pic.a(xstat.os)
 .bss           0x0000000000000120        0x0 /home/khsieh3/util/glibc_2.27/glibc_build/libc_pic.a(fxstat.os)
 .bss           0x0000000000000120        0x0 /home/khsieh3/util/glibc_2.27/glibc_build/libc_pic.a(lxstat.os)
 .bss           0x0000000000000120        0x0 /home/khsieh3/util/glibc_2.27/glibc_build/libc_pic.a(open64.os)
 .bss           0x0000000000000120        0x0 /home/khsieh3/util/glibc_2.27/glibc_build/libc_pic.a(openat64.os)
 .bss           0x0000000000000120        0x0 /home/khsieh3/util/glibc_2.27/glibc_build/libc_pic.a(read.os)
 .bss           0x0000000000000120        0x0 /home/khsieh3/util/glibc_2.27/glibc_build/libc_pic.a(write.os)
 .bss           0x0000000000000120        0x0 /home/khsieh3/util/glibc_2.27/glibc_build/libc_pic.a(lseek64.os)
 .bss           0x0000000000000120        0x0 /home/khsieh3/util/glibc_2.27/glibc_build/libc_pic.a(access.os)
 .bss           0x0000000000000120        0x0 /home/khsieh3/util/glibc_2.27/glibc_build/libc_pic.a(fcntl.os)
 .bss           0x0000000000000120        0x0 /home/khsieh3/util/glibc_2.27/glibc_build/libc_pic.a(close.os)
 .bss           0x0000000000000120        0x0 /home/khsieh3/util/glibc_2.27/glibc_build/libc_pic.a(mmap64.os)
 .bss           0x0000000000000120        0x0 /home/khsieh3/util/glibc_2.27/glibc_build/libc_pic.a(munmap.os)
 .bss           0x0000000000000120        0x0 /home/khsieh3/util/glibc_2.27/glibc_build/libc_pic.a(mprotect.os)
 .bss           0x0000000000000120       0xe0 /home/khsieh3/util/glibc_2.27/glibc_build/libc_pic.a(profil.os)
 .bss           0x0000000000000200        0x0 /home/khsieh3/util/glibc_2.27/glibc_build/libc_pic.a(prof-freq.os)
 .bss           0x0000000000000200        0x0 /home/khsieh3/util/glibc_2.27/glibc_build/libc_pic.a(libc-lowlevellock.os)
 .bss           0x0000000000000200        0x0 /home/khsieh3/util/glibc_2.27/glibc_build/libc_pic.a(libc-cancellation.os)
 .bss           0x0000000000000200        0x0 /home/khsieh3/util/glibc_2.27/glibc_build/libc_pic.a(libc_multiple_threads.os)
 .bss           0x0000000000000200        0x0 /home/khsieh3/util/glibc_2.27/glibc_build/libc_pic.a(dl-addr-obj.os)
 .bss           0x0000000000000200        0x0 /home/khsieh3/util/glibc_2.27/glibc_build/libc_pic.a(sigaction.os)
 .bss           0x0000000000000200        0x0 /home/khsieh3/util/glibc_2.27/glibc_build/libc_pic.a(strrchr.os)
 .bss           0x0000000000000200        0x0 /home/khsieh3/util/glibc_2.27/glibc_build/libc_pic.a(strrchr-sse2.os)
 .bss           0x0000000000000200        0x0 /home/khsieh3/util/glibc_2.27/glibc_build/libc_pic.a(strrchr-avx2.os)
 .bss           0x0000000000000200        0x0 /home/khsieh3/util/glibc_2.27/glibc_build/libc_pic.a(setitimer.os)
 .bss           0x0000000000000200        0x0 /home/khsieh3/util/glibc_2.27/glibc_build/libc_pic.a(forward.os)
 .bss           0x0000000000000200        0x1 /home/khsieh3/util/glibc_2.27/glibc_build/libc_pic.a(exit.os)
                0x0000000000000200                __exit_funcs_done
 *fill*         0x0000000000000201       0x1f 
 .bss           0x0000000000000220      0x410 /home/khsieh3/util/glibc_2.27/glibc_build/libc_pic.a(cxa_atexit.os)
 .bss           0x0000000000000630        0x0 /home/khsieh3/util/glibc_2.27/glibc_build/libc_pic.a(cxa_thread_atexit_impl.os)
 *(COMMON)
 COMMON         0x0000000000000630        0x0 /home/khsieh3/util/glibc_2.27/glibc_build/elf/dl-allobjs.os
 COMMON         0x0000000000000630        0x0 /home/khsieh3/util/glibc_2.27/glibc_build/libc_pic.a(cacheinfo.os)
 COMMON         0x0000000000000630        0x0 /home/khsieh3/util/glibc_2.27/glibc_build/libc_pic.a(libc_multiple_threads.os)
 COMMON         0x0000000000000630        0x0 /home/khsieh3/util/glibc_2.27/glibc_build/libc_pic.a(forward.os)
 COMMON         0x0000000000000630        0x0 /home/khsieh3/util/glibc_2.27/glibc_build/libc_pic.a(cxa_atexit.os)

.lbss
 *(.dynlbss)
 *(.lbss)
 *(LARGE_COMMON)

.lrodata
 *(.lrodata)

.ldata
 *(.ldata)

.stab
 *(.stab)

.stabstr
 *(.stabstr)

.stab.excl
 *(.stab.excl)

.stab.exclstr
 *(.stab.exclstr)

.stab.index
 *(.stab.index)

.stab.indexstr
 *(.stab.indexstr)

.comment        0x0000000000000000      0xe46
 *(.comment)
 .comment       0x0000000000000000      0x63c /home/khsieh3/util/glibc_2.27/glibc_build/elf/dl-allobjs.os
 .comment       0x000000000000063c       0x2a /home/khsieh3/util/glibc_2.27/glibc_build/libc_pic.a(check_fds.os)